Archive member included to satisfy reference by file (symbol)

c:/st/stm32cubeide_1.2.0/stm32cubeide/plugins/com.st.stm32cube.ide.mcu.externaltools.gnu-tools-for-stm32.7-2018-q2-update.win32_1.0.0.201904181610/tools/bin/../lib/gcc/arm-none-eabi/7.3.1/../../../../arm-none-eabi/lib/thumb/v7e-m/fpv4-sp/hard\libc_nano.a(lib_a-memset.o)
                              Core/Src/Loader_Src.o (memset)
c:/st/stm32cubeide_1.2.0/stm32cubeide/plugins/com.st.stm32cube.ide.mcu.externaltools.gnu-tools-for-stm32.7-2018-q2-update.win32_1.0.0.201904181610/tools/bin/../lib/gcc/arm-none-eabi/7.3.1/thumb/v7e-m/fpv4-sp/hard\libgcc.a(_aeabi_ldivmod.o)
                              Drivers/STM32F4xx_HAL_Driver/Src/stm32f4xx_hal_rcc.o (__aeabi_ldivmod)
c:/st/stm32cubeide_1.2.0/stm32cubeide/plugins/com.st.stm32cube.ide.mcu.externaltools.gnu-tools-for-stm32.7-2018-q2-update.win32_1.0.0.201904181610/tools/bin/../lib/gcc/arm-none-eabi/7.3.1/thumb/v7e-m/fpv4-sp/hard\libgcc.a(_aeabi_uldivmod.o)
                              Drivers/STM32F4xx_HAL_Driver/Src/stm32f4xx_hal_rcc.o (__aeabi_uldivmod)
c:/st/stm32cubeide_1.2.0/stm32cubeide/plugins/com.st.stm32cube.ide.mcu.externaltools.gnu-tools-for-stm32.7-2018-q2-update.win32_1.0.0.201904181610/tools/bin/../lib/gcc/arm-none-eabi/7.3.1/thumb/v7e-m/fpv4-sp/hard\libgcc.a(_udivmoddi4.o)
                              c:/st/stm32cubeide_1.2.0/stm32cubeide/plugins/com.st.stm32cube.ide.mcu.externaltools.gnu-tools-for-stm32.7-2018-q2-update.win32_1.0.0.201904181610/tools/bin/../lib/gcc/arm-none-eabi/7.3.1/thumb/v7e-m/fpv4-sp/hard\libgcc.a(_aeabi_ldivmod.o) (__udivmoddi4)
c:/st/stm32cubeide_1.2.0/stm32cubeide/plugins/com.st.stm32cube.ide.mcu.externaltools.gnu-tools-for-stm32.7-2018-q2-update.win32_1.0.0.201904181610/tools/bin/../lib/gcc/arm-none-eabi/7.3.1/thumb/v7e-m/fpv4-sp/hard\libgcc.a(_dvmd_tls.o)
                              c:/st/stm32cubeide_1.2.0/stm32cubeide/plugins/com.st.stm32cube.ide.mcu.externaltools.gnu-tools-for-stm32.7-2018-q2-update.win32_1.0.0.201904181610/tools/bin/../lib/gcc/arm-none-eabi/7.3.1/thumb/v7e-m/fpv4-sp/hard\libgcc.a(_aeabi_ldivmod.o) (__aeabi_ldiv0)

Allocating common symbols
Common symbol       size              file

uwTick              0x4               Drivers/STM32F4xx_HAL_Driver/Src/stm32f4xx_hal.o
hqspi               0x4c              Core/Src/Loader_Src.o

Discarded input sections

 .debug_frame   0x0000000000000000       0x44 c:/st/stm32cubeide_1.2.0/stm32cubeide/plugins/com.st.stm32cube.ide.mcu.externaltools.gnu-tools-for-stm32.7-2018-q2-update.win32_1.0.0.201904181610/tools/bin/../lib/gcc/arm-none-eabi/7.3.1/thumb/v7e-m/fpv4-sp/hard\libgcc.a(_aeabi_ldivmod.o)
 .ARM.attributes
                0x0000000000000000       0x22 c:/st/stm32cubeide_1.2.0/stm32cubeide/plugins/com.st.stm32cube.ide.mcu.externaltools.gnu-tools-for-stm32.7-2018-q2-update.win32_1.0.0.201904181610/tools/bin/../lib/gcc/arm-none-eabi/7.3.1/thumb/v7e-m/fpv4-sp/hard\libgcc.a(_aeabi_ldivmod.o)
 .debug_frame   0x0000000000000000       0x2c c:/st/stm32cubeide_1.2.0/stm32cubeide/plugins/com.st.stm32cube.ide.mcu.externaltools.gnu-tools-for-stm32.7-2018-q2-update.win32_1.0.0.201904181610/tools/bin/../lib/gcc/arm-none-eabi/7.3.1/thumb/v7e-m/fpv4-sp/hard\libgcc.a(_aeabi_uldivmod.o)
 .ARM.attributes
                0x0000000000000000       0x22 c:/st/stm32cubeide_1.2.0/stm32cubeide/plugins/com.st.stm32cube.ide.mcu.externaltools.gnu-tools-for-stm32.7-2018-q2-update.win32_1.0.0.201904181610/tools/bin/../lib/gcc/arm-none-eabi/7.3.1/thumb/v7e-m/fpv4-sp/hard\libgcc.a(_aeabi_uldivmod.o)
 .debug_frame   0x0000000000000000       0x34 c:/st/stm32cubeide_1.2.0/stm32cubeide/plugins/com.st.stm32cube.ide.mcu.externaltools.gnu-tools-for-stm32.7-2018-q2-update.win32_1.0.0.201904181610/tools/bin/../lib/gcc/arm-none-eabi/7.3.1/thumb/v7e-m/fpv4-sp/hard\libgcc.a(_udivmoddi4.o)
 .ARM.attributes
                0x0000000000000000       0x34 c:/st/stm32cubeide_1.2.0/stm32cubeide/plugins/com.st.stm32cube.ide.mcu.externaltools.gnu-tools-for-stm32.7-2018-q2-update.win32_1.0.0.201904181610/tools/bin/../lib/gcc/arm-none-eabi/7.3.1/thumb/v7e-m/fpv4-sp/hard\libgcc.a(_udivmoddi4.o)
 .ARM.attributes
                0x0000000000000000       0x22 c:/st/stm32cubeide_1.2.0/stm32cubeide/plugins/com.st.stm32cube.ide.mcu.externaltools.gnu-tools-for-stm32.7-2018-q2-update.win32_1.0.0.201904181610/tools/bin/../lib/gcc/arm-none-eabi/7.3.1/thumb/v7e-m/fpv4-sp/hard\libgcc.a(_dvmd_tls.o)

Memory Configuration

Name             Origin             Length             Attributes
RAM              0x0000000020000004 0x0000000000018000 xrw
*default*        0x0000000000000000 0xffffffffffffffff

Linker script and memory map

LOAD Core/Src/Dev_Inf.o
LOAD Core/Src/Loader_Src.o
LOAD Core/Src/stm32f4xx_hal_msp.o
LOAD Core/Src/system_stm32f4xx.o
LOAD Core/Src/w25q128jv.o
LOAD Drivers/STM32F4xx_HAL_Driver/Src/stm32f4xx_hal.o
LOAD Drivers/STM32F4xx_HAL_Driver/Src/stm32f4xx_hal_cortex.o
LOAD Drivers/STM32F4xx_HAL_Driver/Src/stm32f4xx_hal_dma.o
LOAD Drivers/STM32F4xx_HAL_Driver/Src/stm32f4xx_hal_gpio.o
LOAD Drivers/STM32F4xx_HAL_Driver/Src/stm32f4xx_hal_pwr.o
LOAD Drivers/STM32F4xx_HAL_Driver/Src/stm32f4xx_hal_qspi.o
LOAD Drivers/STM32F4xx_HAL_Driver/Src/stm32f4xx_hal_rcc.o
START GROUP
LOAD c:/st/stm32cubeide_1.2.0/stm32cubeide/plugins/com.st.stm32cube.ide.mcu.externaltools.gnu-tools-for-stm32.7-2018-q2-update.win32_1.0.0.201904181610/tools/bin/../lib/gcc/arm-none-eabi/7.3.1/../../../../arm-none-eabi/lib/thumb/v7e-m/fpv4-sp/hard\libc_nano.a
LOAD c:/st/stm32cubeide_1.2.0/stm32cubeide/plugins/com.st.stm32cube.ide.mcu.externaltools.gnu-tools-for-stm32.7-2018-q2-update.win32_1.0.0.201904181610/tools/bin/../lib/gcc/arm-none-eabi/7.3.1/../../../../arm-none-eabi/lib/thumb/v7e-m/fpv4-sp/hard\libm.a
END GROUP

.text           0x0000000020000004     0x3094
                0x0000000020000004                . = ALIGN (0x4)
 *(.text)
 .text          0x0000000020000004        0x0 Core/Src/Dev_Inf.o
 .text          0x0000000020000004        0x0 Core/Src/Loader_Src.o
 .text          0x0000000020000004        0x0 Core/Src/stm32f4xx_hal_msp.o
 .text          0x0000000020000004        0x0 Core/Src/system_stm32f4xx.o
 .text          0x0000000020000004        0x0 Core/Src/w25q128jv.o
 .text          0x0000000020000004        0x0 Drivers/STM32F4xx_HAL_Driver/Src/stm32f4xx_hal.o
 .text          0x0000000020000004        0x0 Drivers/STM32F4xx_HAL_Driver/Src/stm32f4xx_hal_cortex.o
 .text          0x0000000020000004        0x0 Drivers/STM32F4xx_HAL_Driver/Src/stm32f4xx_hal_dma.o
 .text          0x0000000020000004        0x0 Drivers/STM32F4xx_HAL_Driver/Src/stm32f4xx_hal_gpio.o
 .text          0x0000000020000004        0x0 Drivers/STM32F4xx_HAL_Driver/Src/stm32f4xx_hal_pwr.o
 .text          0x0000000020000004        0x0 Drivers/STM32F4xx_HAL_Driver/Src/stm32f4xx_hal_qspi.o
 .text          0x0000000020000004        0x0 Drivers/STM32F4xx_HAL_Driver/Src/stm32f4xx_hal_rcc.o
 .text          0x0000000020000004        0x0 c:/st/stm32cubeide_1.2.0/stm32cubeide/plugins/com.st.stm32cube.ide.mcu.externaltools.gnu-tools-for-stm32.7-2018-q2-update.win32_1.0.0.201904181610/tools/bin/../lib/gcc/arm-none-eabi/7.3.1/../../../../arm-none-eabi/lib/thumb/v7e-m/fpv4-sp/hard\libc_nano.a(lib_a-memset.o)
 .text          0x0000000020000004       0xa0 c:/st/stm32cubeide_1.2.0/stm32cubeide/plugins/com.st.stm32cube.ide.mcu.externaltools.gnu-tools-for-stm32.7-2018-q2-update.win32_1.0.0.201904181610/tools/bin/../lib/gcc/arm-none-eabi/7.3.1/thumb/v7e-m/fpv4-sp/hard\libgcc.a(_aeabi_ldivmod.o)
                0x0000000020000004                __aeabi_ldivmod
 .text          0x00000000200000a4       0x30 c:/st/stm32cubeide_1.2.0/stm32cubeide/plugins/com.st.stm32cube.ide.mcu.externaltools.gnu-tools-for-stm32.7-2018-q2-update.win32_1.0.0.201904181610/tools/bin/../lib/gcc/arm-none-eabi/7.3.1/thumb/v7e-m/fpv4-sp/hard\libgcc.a(_aeabi_uldivmod.o)
                0x00000000200000a4                __aeabi_uldivmod
 .text          0x00000000200000d4      0x2cc c:/st/stm32cubeide_1.2.0/stm32cubeide/plugins/com.st.stm32cube.ide.mcu.externaltools.gnu-tools-for-stm32.7-2018-q2-update.win32_1.0.0.201904181610/tools/bin/../lib/gcc/arm-none-eabi/7.3.1/thumb/v7e-m/fpv4-sp/hard\libgcc.a(_udivmoddi4.o)
                0x00000000200000d4                __udivmoddi4
 .text          0x00000000200003a0        0x4 c:/st/stm32cubeide_1.2.0/stm32cubeide/plugins/com.st.stm32cube.ide.mcu.externaltools.gnu-tools-for-stm32.7-2018-q2-update.win32_1.0.0.201904181610/tools/bin/../lib/gcc/arm-none-eabi/7.3.1/thumb/v7e-m/fpv4-sp/hard\libgcc.a(_dvmd_tls.o)
                0x00000000200003a0                __aeabi_idiv0
                0x00000000200003a0                __aeabi_ldiv0
 *(.text*)
 .text.SystemClock_Config
                0x00000000200003a4       0x90 Core/Src/Loader_Src.o
                0x00000000200003a4                SystemClock_Config
 .text.Init     0x0000000020000434       0x98 Core/Src/Loader_Src.o
                0x0000000020000434                Init
 .text.Write    0x00000000200004cc       0xc2 Core/Src/Loader_Src.o
                0x00000000200004cc                Write
 .text.SectorErase
                0x000000002000058e       0x22 Core/Src/Loader_Src.o
                0x000000002000058e                SectorErase
 .text.MassErase
                0x00000000200005b0       0x1c Core/Src/Loader_Src.o
                0x00000000200005b0                MassErase
 .text.Read     0x00000000200005cc       0x22 Core/Src/Loader_Src.o
                0x00000000200005cc                Read
 .text.Verify   0x00000000200005ee       0x2c Core/Src/Loader_Src.o
                0x00000000200005ee                Verify
 .text.Error_Handler
                0x000000002000061a        0x2 Core/Src/Loader_Src.o
                0x000000002000061a                Error_Handler
 .text.HAL_MspInit
                0x000000002000061c       0x38 Core/Src/stm32f4xx_hal_msp.o
                0x000000002000061c                HAL_MspInit
 .text.HAL_QSPI_MspInit
                0x0000000020000654       0xe4 Core/Src/stm32f4xx_hal_msp.o
                0x0000000020000654                HAL_QSPI_MspInit
 .text.HAL_QSPI_MspDeInit
                0x0000000020000738       0x48 Core/Src/stm32f4xx_hal_msp.o
                0x0000000020000738                HAL_QSPI_MspDeInit
 .text.SystemInit
                0x0000000020000780        0x2 Core/Src/system_stm32f4xx.o
                0x0000000020000780                SystemInit
 *fill*         0x0000000020000782        0x2 
 .text.SystemCoreClockUpdate
                0x0000000020000784       0x74 Core/Src/system_stm32f4xx.o
                0x0000000020000784                SystemCoreClockUpdate
 .text.QSPI_WriteEnable.constprop.0
                0x00000000200007f8       0x6c Core/Src/w25q128jv.o
 .text.W25Q128JV_AutoPollingMemReady
                0x0000000020000864       0x68 Core/Src/w25q128jv.o
                0x0000000020000864                W25Q128JV_AutoPollingMemReady
 .text.W25Q128JV_Init
                0x00000000200008cc      0x198 Core/Src/w25q128jv.o
                0x00000000200008cc                W25Q128JV_Init
 .text.W25Q128JV_EraseBlock
                0x0000000020000a64       0x68 Core/Src/w25q128jv.o
                0x0000000020000a64                W25Q128JV_EraseBlock
 .text.W25Q128JV_Write
                0x0000000020000acc       0x88 Core/Src/w25q128jv.o
                0x0000000020000acc                W25Q128JV_Write
 .text.W25Q128JV_ReadQuad
                0x0000000020000b54       0x78 Core/Src/w25q128jv.o
                0x0000000020000b54                W25Q128JV_ReadQuad
 .text.W25Q128JV_Read1Line
                0x0000000020000bcc       0x74 Core/Src/w25q128jv.o
                0x0000000020000bcc                W25Q128JV_Read1Line
 .text.W25Q128JV_ReadFast1Line
                0x0000000020000c40       0x7c Core/Src/w25q128jv.o
                0x0000000020000c40                W25Q128JV_ReadFast1Line
 .text.W25Q128JV_ReadDual
                0x0000000020000cbc       0x78 Core/Src/w25q128jv.o
                0x0000000020000cbc                W25Q128JV_ReadDual
 .text.W25Q128JV_MemoryMapped
                0x0000000020000d34       0x50 Core/Src/w25q128jv.o
                0x0000000020000d34                W25Q128JV_MemoryMapped
 .text.HAL_MspInit
                0x0000000020000d84        0x2 Drivers/STM32F4xx_HAL_Driver/Src/stm32f4xx_hal.o
 *fill*         0x0000000020000d86        0x2 
 .text.HAL_Init
                0x0000000020000d88       0x28 Drivers/STM32F4xx_HAL_Driver/Src/stm32f4xx_hal.o
                0x0000000020000d88                HAL_Init
 .text.HAL_MspDeInit
                0x0000000020000db0        0x2 Drivers/STM32F4xx_HAL_Driver/Src/stm32f4xx_hal.o
                0x0000000020000db0                HAL_MspDeInit
 *fill*         0x0000000020000db2        0x2 
 .text.HAL_DeInit
                0x0000000020000db4       0x2c Drivers/STM32F4xx_HAL_Driver/Src/stm32f4xx_hal.o
                0x0000000020000db4                HAL_DeInit
 .text.HAL_InitTick
                0x0000000020000de0        0x4 Drivers/STM32F4xx_HAL_Driver/Src/stm32f4xx_hal.o
                0x0000000020000de0                HAL_InitTick
 .text.HAL_IncTick
                0x0000000020000de4       0x18 Drivers/STM32F4xx_HAL_Driver/Src/stm32f4xx_hal.o
                0x0000000020000de4                HAL_IncTick
 .text.HAL_GetTick
                0x0000000020000dfc        0xc Drivers/STM32F4xx_HAL_Driver/Src/stm32f4xx_hal.o
                0x0000000020000dfc                HAL_GetTick
 .text.HAL_GetTickPrio
                0x0000000020000e08        0xc Drivers/STM32F4xx_HAL_Driver/Src/stm32f4xx_hal.o
                0x0000000020000e08                HAL_GetTickPrio
 .text.HAL_SetTickFreq
                0x0000000020000e14       0x28 Drivers/STM32F4xx_HAL_Driver/Src/stm32f4xx_hal.o
                0x0000000020000e14                HAL_SetTickFreq
 .text.HAL_GetTickFreq
                0x0000000020000e3c        0xc Drivers/STM32F4xx_HAL_Driver/Src/stm32f4xx_hal.o
                0x0000000020000e3c                HAL_GetTickFreq
 .text.HAL_Delay
                0x0000000020000e48       0x28 Drivers/STM32F4xx_HAL_Driver/Src/stm32f4xx_hal.o
                0x0000000020000e48                HAL_Delay
 .text.HAL_SuspendTick
                0x0000000020000e70       0x10 Drivers/STM32F4xx_HAL_Driver/Src/stm32f4xx_hal.o
                0x0000000020000e70                HAL_SuspendTick
 .text.HAL_ResumeTick
                0x0000000020000e80        0x2 Drivers/STM32F4xx_HAL_Driver/Src/stm32f4xx_hal.o
                0x0000000020000e80                HAL_ResumeTick
 *fill*         0x0000000020000e82        0x2 
 .text.HAL_GetHalVersion
                0x0000000020000e84        0x8 Drivers/STM32F4xx_HAL_Driver/Src/stm32f4xx_hal.o
                0x0000000020000e84                HAL_GetHalVersion
 .text.HAL_GetREVID
                0x0000000020000e8c        0xc Drivers/STM32F4xx_HAL_Driver/Src/stm32f4xx_hal.o
                0x0000000020000e8c                HAL_GetREVID
 .text.HAL_GetDEVID
                0x0000000020000e98       0x10 Drivers/STM32F4xx_HAL_Driver/Src/stm32f4xx_hal.o
                0x0000000020000e98                HAL_GetDEVID
 .text.HAL_DBGMCU_EnableDBGSleepMode
                0x0000000020000ea8       0x10 Drivers/STM32F4xx_HAL_Driver/Src/stm32f4xx_hal.o
                0x0000000020000ea8                HAL_DBGMCU_EnableDBGSleepMode
 .text.HAL_DBGMCU_DisableDBGSleepMode
                0x0000000020000eb8       0x10 Drivers/STM32F4xx_HAL_Driver/Src/stm32f4xx_hal.o
                0x0000000020000eb8                HAL_DBGMCU_DisableDBGSleepMode
 .text.HAL_DBGMCU_EnableDBGStopMode
                0x0000000020000ec8       0x10 Drivers/STM32F4xx_HAL_Driver/Src/stm32f4xx_hal.o
                0x0000000020000ec8                HAL_DBGMCU_EnableDBGStopMode
 .text.HAL_DBGMCU_DisableDBGStopMode
                0x0000000020000ed8       0x10 Drivers/STM32F4xx_HAL_Driver/Src/stm32f4xx_hal.o
                0x0000000020000ed8                HAL_DBGMCU_DisableDBGStopMode
 .text.HAL_DBGMCU_EnableDBGStandbyMode
                0x0000000020000ee8       0x10 Drivers/STM32F4xx_HAL_Driver/Src/stm32f4xx_hal.o
                0x0000000020000ee8                HAL_DBGMCU_EnableDBGStandbyMode
 .text.HAL_DBGMCU_DisableDBGStandbyMode
                0x0000000020000ef8       0x10 Drivers/STM32F4xx_HAL_Driver/Src/stm32f4xx_hal.o
                0x0000000020000ef8                HAL_DBGMCU_DisableDBGStandbyMode
 .text.HAL_EnableCompensationCell
                0x0000000020000f08        0xc Drivers/STM32F4xx_HAL_Driver/Src/stm32f4xx_hal.o
                0x0000000020000f08                HAL_EnableCompensationCell
 .text.HAL_DisableCompensationCell
                0x0000000020000f14        0xc Drivers/STM32F4xx_HAL_Driver/Src/stm32f4xx_hal.o
                0x0000000020000f14                HAL_DisableCompensationCell
 .text.HAL_GetUIDw0
                0x0000000020000f20        0xc Drivers/STM32F4xx_HAL_Driver/Src/stm32f4xx_hal.o
                0x0000000020000f20                HAL_GetUIDw0
 .text.HAL_GetUIDw1
                0x0000000020000f2c        0xc Drivers/STM32F4xx_HAL_Driver/Src/stm32f4xx_hal.o
                0x0000000020000f2c                HAL_GetUIDw1
 .text.HAL_GetUIDw2
                0x0000000020000f38        0xc Drivers/STM32F4xx_HAL_Driver/Src/stm32f4xx_hal.o
                0x0000000020000f38                HAL_GetUIDw2
 .text.HAL_NVIC_SetPriorityGrouping
                0x0000000020000f44       0x24 Drivers/STM32F4xx_HAL_Driver/Src/stm32f4xx_hal_cortex.o
                0x0000000020000f44                HAL_NVIC_SetPriorityGrouping
 .text.HAL_NVIC_SetPriority
                0x0000000020000f68       0x68 Drivers/STM32F4xx_HAL_Driver/Src/stm32f4xx_hal_cortex.o
                0x0000000020000f68                HAL_NVIC_SetPriority
 .text.HAL_NVIC_EnableIRQ
                0x0000000020000fd0       0x1c Drivers/STM32F4xx_HAL_Driver/Src/stm32f4xx_hal_cortex.o
                0x0000000020000fd0                HAL_NVIC_EnableIRQ
 .text.HAL_NVIC_DisableIRQ
                0x0000000020000fec       0x28 Drivers/STM32F4xx_HAL_Driver/Src/stm32f4xx_hal_cortex.o
                0x0000000020000fec                HAL_NVIC_DisableIRQ
 .text.HAL_NVIC_SystemReset
                0x0000000020001014       0x24 Drivers/STM32F4xx_HAL_Driver/Src/stm32f4xx_hal_cortex.o
                0x0000000020001014                HAL_NVIC_SystemReset
 .text.HAL_SYSTICK_Config
                0x0000000020001038       0x2c Drivers/STM32F4xx_HAL_Driver/Src/stm32f4xx_hal_cortex.o
                0x0000000020001038                HAL_SYSTICK_Config
 .text.HAL_MPU_Disable
                0x0000000020001064       0x20 Drivers/STM32F4xx_HAL_Driver/Src/stm32f4xx_hal_cortex.o
                0x0000000020001064                HAL_MPU_Disable
 .text.HAL_MPU_Enable
                0x0000000020001084       0x24 Drivers/STM32F4xx_HAL_Driver/Src/stm32f4xx_hal_cortex.o
                0x0000000020001084                HAL_MPU_Enable
 .text.HAL_MPU_ConfigRegion
                0x00000000200010a8       0x50 Drivers/STM32F4xx_HAL_Driver/Src/stm32f4xx_hal_cortex.o
                0x00000000200010a8                HAL_MPU_ConfigRegion
 .text.HAL_NVIC_GetPriorityGrouping
                0x00000000200010f8       0x10 Drivers/STM32F4xx_HAL_Driver/Src/stm32f4xx_hal_cortex.o
                0x00000000200010f8                HAL_NVIC_GetPriorityGrouping
 .text.HAL_NVIC_GetPriority
                0x0000000020001108       0x5c Drivers/STM32F4xx_HAL_Driver/Src/stm32f4xx_hal_cortex.o
                0x0000000020001108                HAL_NVIC_GetPriority
 .text.HAL_NVIC_SetPendingIRQ
                0x0000000020001164       0x20 Drivers/STM32F4xx_HAL_Driver/Src/stm32f4xx_hal_cortex.o
                0x0000000020001164                HAL_NVIC_SetPendingIRQ
 .text.HAL_NVIC_GetPendingIRQ
                0x0000000020001184       0x24 Drivers/STM32F4xx_HAL_Driver/Src/stm32f4xx_hal_cortex.o
                0x0000000020001184                HAL_NVIC_GetPendingIRQ
 .text.HAL_NVIC_ClearPendingIRQ
                0x00000000200011a8       0x20 Drivers/STM32F4xx_HAL_Driver/Src/stm32f4xx_hal_cortex.o
                0x00000000200011a8                HAL_NVIC_ClearPendingIRQ
 .text.HAL_NVIC_GetActive
                0x00000000200011c8       0x24 Drivers/STM32F4xx_HAL_Driver/Src/stm32f4xx_hal_cortex.o
                0x00000000200011c8                HAL_NVIC_GetActive
 .text.HAL_SYSTICK_CLKSourceConfig
                0x00000000200011ec       0x18 Drivers/STM32F4xx_HAL_Driver/Src/stm32f4xx_hal_cortex.o
                0x00000000200011ec                HAL_SYSTICK_CLKSourceConfig
 .text.HAL_SYSTICK_Callback
                0x0000000020001204        0x2 Drivers/STM32F4xx_HAL_Driver/Src/stm32f4xx_hal_cortex.o
                0x0000000020001204                HAL_SYSTICK_Callback
 .text.HAL_SYSTICK_IRQHandler
                0x0000000020001206        0x8 Drivers/STM32F4xx_HAL_Driver/Src/stm32f4xx_hal_cortex.o
                0x0000000020001206                HAL_SYSTICK_IRQHandler
 *fill*         0x000000002000120e        0x2 
 .text.DMA_CalcBaseAndBitshift
                0x0000000020001210       0x2c Drivers/STM32F4xx_HAL_Driver/Src/stm32f4xx_hal_dma.o
 .text.HAL_DMA_Init
                0x000000002000123c       0xfc Drivers/STM32F4xx_HAL_Driver/Src/stm32f4xx_hal_dma.o
                0x000000002000123c                HAL_DMA_Init
 .text.HAL_DMA_DeInit
                0x0000000020001338       0x54 Drivers/STM32F4xx_HAL_Driver/Src/stm32f4xx_hal_dma.o
                0x0000000020001338                HAL_DMA_DeInit
 .text.HAL_DMA_Start
                0x000000002000138c       0x54 Drivers/STM32F4xx_HAL_Driver/Src/stm32f4xx_hal_dma.o
                0x000000002000138c                HAL_DMA_Start
 .text.HAL_DMA_Start_IT
                0x00000000200013e0       0x74 Drivers/STM32F4xx_HAL_Driver/Src/stm32f4xx_hal_dma.o
                0x00000000200013e0                HAL_DMA_Start_IT
 .text.HAL_DMA_Abort
                0x0000000020001454       0x86 Drivers/STM32F4xx_HAL_Driver/Src/stm32f4xx_hal_dma.o
                0x0000000020001454                HAL_DMA_Abort
 .text.HAL_DMA_Abort_IT
                0x00000000200014da       0x24 Drivers/STM32F4xx_HAL_Driver/Src/stm32f4xx_hal_dma.o
                0x00000000200014da                HAL_DMA_Abort_IT
 .text.HAL_DMA_PollForTransfer
                0x00000000200014fe      0x10c Drivers/STM32F4xx_HAL_Driver/Src/stm32f4xx_hal_dma.o
                0x00000000200014fe                HAL_DMA_PollForTransfer
 *fill*         0x000000002000160a        0x2 
 .text.HAL_DMA_IRQHandler
                0x000000002000160c      0x17c Drivers/STM32F4xx_HAL_Driver/Src/stm32f4xx_hal_dma.o
                0x000000002000160c                HAL_DMA_IRQHandler
 .text.HAL_DMA_RegisterCallback
                0x0000000020001788       0x50 Drivers/STM32F4xx_HAL_Driver/Src/stm32f4xx_hal_dma.o
                0x0000000020001788                HAL_DMA_RegisterCallback
 .text.HAL_DMA_UnRegisterCallback
                0x00000000200017d8       0x5c Drivers/STM32F4xx_HAL_Driver/Src/stm32f4xx_hal_dma.o
                0x00000000200017d8                HAL_DMA_UnRegisterCallback
 .text.HAL_DMA_GetState
                0x0000000020001834        0x6 Drivers/STM32F4xx_HAL_Driver/Src/stm32f4xx_hal_dma.o
                0x0000000020001834                HAL_DMA_GetState
 .text.HAL_DMA_GetError
                0x000000002000183a        0x4 Drivers/STM32F4xx_HAL_Driver/Src/stm32f4xx_hal_dma.o
                0x000000002000183a                HAL_DMA_GetError
 *fill*         0x000000002000183e        0x2 
 .text.HAL_GPIO_Init
                0x0000000020001840      0x1b4 Drivers/STM32F4xx_HAL_Driver/Src/stm32f4xx_hal_gpio.o
                0x0000000020001840                HAL_GPIO_Init
 .text.HAL_GPIO_DeInit
                0x00000000200019f4      0x10c Drivers/STM32F4xx_HAL_Driver/Src/stm32f4xx_hal_gpio.o
                0x00000000200019f4                HAL_GPIO_DeInit
 .text.HAL_GPIO_ReadPin
                0x0000000020001b00        0xc Drivers/STM32F4xx_HAL_Driver/Src/stm32f4xx_hal_gpio.o
                0x0000000020001b00                HAL_GPIO_ReadPin
 .text.HAL_GPIO_WritePin
                0x0000000020001b0c        0xa Drivers/STM32F4xx_HAL_Driver/Src/stm32f4xx_hal_gpio.o
                0x0000000020001b0c                HAL_GPIO_WritePin
 .text.HAL_GPIO_TogglePin
                0x0000000020001b16        0xe Drivers/STM32F4xx_HAL_Driver/Src/stm32f4xx_hal_gpio.o
                0x0000000020001b16                HAL_GPIO_TogglePin
 .text.HAL_GPIO_LockPin
                0x0000000020001b24       0x2a Drivers/STM32F4xx_HAL_Driver/Src/stm32f4xx_hal_gpio.o
                0x0000000020001b24                HAL_GPIO_LockPin
 .text.HAL_GPIO_EXTI_Callback
                0x0000000020001b4e        0x2 Drivers/STM32F4xx_HAL_Driver/Src/stm32f4xx_hal_gpio.o
                0x0000000020001b4e                HAL_GPIO_EXTI_Callback
 .text.HAL_GPIO_EXTI_IRQHandler
                0x0000000020001b50       0x18 Drivers/STM32F4xx_HAL_Driver/Src/stm32f4xx_hal_gpio.o
                0x0000000020001b50                HAL_GPIO_EXTI_IRQHandler
 .text.HAL_PWR_DeInit
                0x0000000020001b68       0x18 Drivers/STM32F4xx_HAL_Driver/Src/stm32f4xx_hal_pwr.o
                0x0000000020001b68                HAL_PWR_DeInit
 .text.HAL_PWR_EnableBkUpAccess
                0x0000000020001b80        0xc Drivers/STM32F4xx_HAL_Driver/Src/stm32f4xx_hal_pwr.o
                0x0000000020001b80                HAL_PWR_EnableBkUpAccess
 .text.HAL_PWR_DisableBkUpAccess
                0x0000000020001b8c        0xc Drivers/STM32F4xx_HAL_Driver/Src/stm32f4xx_hal_pwr.o
                0x0000000020001b8c                HAL_PWR_DisableBkUpAccess
 .text.HAL_PWR_ConfigPVD
                0x0000000020001b98       0x70 Drivers/STM32F4xx_HAL_Driver/Src/stm32f4xx_hal_pwr.o
                0x0000000020001b98                HAL_PWR_ConfigPVD
 .text.HAL_PWR_EnablePVD
                0x0000000020001c08        0xc Drivers/STM32F4xx_HAL_Driver/Src/stm32f4xx_hal_pwr.o
                0x0000000020001c08                HAL_PWR_EnablePVD
 .text.HAL_PWR_DisablePVD
                0x0000000020001c14        0xc Drivers/STM32F4xx_HAL_Driver/Src/stm32f4xx_hal_pwr.o
                0x0000000020001c14                HAL_PWR_DisablePVD
 .text.HAL_PWR_EnableWakeUpPin
                0x0000000020001c20       0x10 Drivers/STM32F4xx_HAL_Driver/Src/stm32f4xx_hal_pwr.o
                0x0000000020001c20                HAL_PWR_EnableWakeUpPin
 .text.HAL_PWR_DisableWakeUpPin
                0x0000000020001c30       0x10 Drivers/STM32F4xx_HAL_Driver/Src/stm32f4xx_hal_pwr.o
                0x0000000020001c30                HAL_PWR_DisableWakeUpPin
 .text.HAL_PWR_EnterSLEEPMode
                0x0000000020001c40       0x20 Drivers/STM32F4xx_HAL_Driver/Src/stm32f4xx_hal_pwr.o
                0x0000000020001c40                HAL_PWR_EnterSLEEPMode
 .text.HAL_PWR_EnterSTOPMode
                0x0000000020001c60       0x38 Drivers/STM32F4xx_HAL_Driver/Src/stm32f4xx_hal_pwr.o
                0x0000000020001c60                HAL_PWR_EnterSTOPMode
 .text.HAL_PWR_EnterSTANDBYMode
                0x0000000020001c98       0x20 Drivers/STM32F4xx_HAL_Driver/Src/stm32f4xx_hal_pwr.o
                0x0000000020001c98                HAL_PWR_EnterSTANDBYMode
 .text.HAL_PWR_PVDCallback
                0x0000000020001cb8        0x2 Drivers/STM32F4xx_HAL_Driver/Src/stm32f4xx_hal_pwr.o
                0x0000000020001cb8                HAL_PWR_PVDCallback
 *fill*         0x0000000020001cba        0x2 
 .text.HAL_PWR_PVD_IRQHandler
                0x0000000020001cbc       0x1c Drivers/STM32F4xx_HAL_Driver/Src/stm32f4xx_hal_pwr.o
                0x0000000020001cbc                HAL_PWR_PVD_IRQHandler
 .text.HAL_PWR_EnableSleepOnExit
                0x0000000020001cd8       0x10 Drivers/STM32F4xx_HAL_Driver/Src/stm32f4xx_hal_pwr.o
                0x0000000020001cd8                HAL_PWR_EnableSleepOnExit
 .text.HAL_PWR_DisableSleepOnExit
                0x0000000020001ce8       0x10 Drivers/STM32F4xx_HAL_Driver/Src/stm32f4xx_hal_pwr.o
                0x0000000020001ce8                HAL_PWR_DisableSleepOnExit
 .text.HAL_PWR_EnableSEVOnPend
                0x0000000020001cf8       0x10 Drivers/STM32F4xx_HAL_Driver/Src/stm32f4xx_hal_pwr.o
                0x0000000020001cf8                HAL_PWR_EnableSEVOnPend
 .text.HAL_PWR_DisableSEVOnPend
                0x0000000020001d08       0x10 Drivers/STM32F4xx_HAL_Driver/Src/stm32f4xx_hal_pwr.o
                0x0000000020001d08                HAL_PWR_DisableSEVOnPend
 .text.QSPI_DMARxCplt
                0x0000000020001d18       0x12 Drivers/STM32F4xx_HAL_Driver/Src/stm32f4xx_hal_qspi.o
 .text.QSPI_DMATxCplt
                0x0000000020001d2a       0x12 Drivers/STM32F4xx_HAL_Driver/Src/stm32f4xx_hal_qspi.o
 .text.QSPI_Config
                0x0000000020001d3c      0x168 Drivers/STM32F4xx_HAL_Driver/Src/stm32f4xx_hal_qspi.o
 .text.QSPI_WaitFlagStateUntilTimeout
                0x0000000020001ea4       0x4a Drivers/STM32F4xx_HAL_Driver/Src/stm32f4xx_hal_qspi.o
 .text.HAL_QSPI_MspInit
                0x0000000020001eee        0x2 Drivers/STM32F4xx_HAL_Driver/Src/stm32f4xx_hal_qspi.o
 .text.HAL_QSPI_Init
                0x0000000020001ef0       0xa4 Drivers/STM32F4xx_HAL_Driver/Src/stm32f4xx_hal_qspi.o
                0x0000000020001ef0                HAL_QSPI_Init
 .text.HAL_QSPI_MspDeInit
                0x0000000020001f94        0x2 Drivers/STM32F4xx_HAL_Driver/Src/stm32f4xx_hal_qspi.o
 .text.HAL_QSPI_DeInit
                0x0000000020001f96       0x26 Drivers/STM32F4xx_HAL_Driver/Src/stm32f4xx_hal_qspi.o
                0x0000000020001f96                HAL_QSPI_DeInit
 .text.HAL_QSPI_Command
                0x0000000020001fbc       0x88 Drivers/STM32F4xx_HAL_Driver/Src/stm32f4xx_hal_qspi.o
                0x0000000020001fbc                HAL_QSPI_Command
 .text.HAL_QSPI_Command_IT
                0x0000000020002044       0xa4 Drivers/STM32F4xx_HAL_Driver/Src/stm32f4xx_hal_qspi.o
                0x0000000020002044                HAL_QSPI_Command_IT
 .text.HAL_QSPI_Transmit_IT
                0x00000000200020e8       0x6c Drivers/STM32F4xx_HAL_Driver/Src/stm32f4xx_hal_qspi.o
                0x00000000200020e8                HAL_QSPI_Transmit_IT
 .text.HAL_QSPI_Receive_IT
                0x0000000020002154       0x74 Drivers/STM32F4xx_HAL_Driver/Src/stm32f4xx_hal_qspi.o
                0x0000000020002154                HAL_QSPI_Receive_IT
 .text.HAL_QSPI_Transmit_DMA
                0x00000000200021c8       0xfc Drivers/STM32F4xx_HAL_Driver/Src/stm32f4xx_hal_qspi.o
                0x00000000200021c8                HAL_QSPI_Transmit_DMA
 .text.HAL_QSPI_Receive_DMA
                0x00000000200022c4      0x11c Drivers/STM32F4xx_HAL_Driver/Src/stm32f4xx_hal_qspi.o
                0x00000000200022c4                HAL_QSPI_Receive_DMA
 .text.HAL_QSPI_AutoPolling
                0x00000000200023e0       0xa4 Drivers/STM32F4xx_HAL_Driver/Src/stm32f4xx_hal_qspi.o
                0x00000000200023e0                HAL_QSPI_AutoPolling
 .text.HAL_QSPI_AutoPolling_IT
                0x0000000020002484       0xb0 Drivers/STM32F4xx_HAL_Driver/Src/stm32f4xx_hal_qspi.o
                0x0000000020002484                HAL_QSPI_AutoPolling_IT
 .text.HAL_QSPI_MemoryMapped
                0x0000000020002534       0x80 Drivers/STM32F4xx_HAL_Driver/Src/stm32f4xx_hal_qspi.o
                0x0000000020002534                HAL_QSPI_MemoryMapped
 .text.HAL_QSPI_ErrorCallback
                0x00000000200025b4        0x2 Drivers/STM32F4xx_HAL_Driver/Src/stm32f4xx_hal_qspi.o
                0x00000000200025b4                HAL_QSPI_ErrorCallback
 .text.QSPI_DMAAbortCplt
                0x00000000200025b6       0x36 Drivers/STM32F4xx_HAL_Driver/Src/stm32f4xx_hal_qspi.o
 .text.HAL_QSPI_AbortCpltCallback
                0x00000000200025ec        0x2 Drivers/STM32F4xx_HAL_Driver/Src/stm32f4xx_hal_qspi.o
                0x00000000200025ec                HAL_QSPI_AbortCpltCallback
 .text.HAL_QSPI_CmdCpltCallback
                0x00000000200025ee        0x2 Drivers/STM32F4xx_HAL_Driver/Src/stm32f4xx_hal_qspi.o
                0x00000000200025ee                HAL_QSPI_CmdCpltCallback
 .text.HAL_QSPI_RxCpltCallback
                0x00000000200025f0        0x2 Drivers/STM32F4xx_HAL_Driver/Src/stm32f4xx_hal_qspi.o
                0x00000000200025f0                HAL_QSPI_RxCpltCallback
 .text.HAL_QSPI_TxCpltCallback
                0x00000000200025f2        0x2 Drivers/STM32F4xx_HAL_Driver/Src/stm32f4xx_hal_qspi.o
                0x00000000200025f2                HAL_QSPI_TxCpltCallback
 .text.HAL_QSPI_RxHalfCpltCallback
                0x00000000200025f4        0x2 Drivers/STM32F4xx_HAL_Driver/Src/stm32f4xx_hal_qspi.o
                0x00000000200025f4                HAL_QSPI_RxHalfCpltCallback
 .text.QSPI_DMARxHalfCplt
                0x00000000200025f6        0xa Drivers/STM32F4xx_HAL_Driver/Src/stm32f4xx_hal_qspi.o
 .text.HAL_QSPI_TxHalfCpltCallback
                0x0000000020002600        0x2 Drivers/STM32F4xx_HAL_Driver/Src/stm32f4xx_hal_qspi.o
                0x0000000020002600                HAL_QSPI_TxHalfCpltCallback
 .text.QSPI_DMATxHalfCplt
                0x0000000020002602        0xa Drivers/STM32F4xx_HAL_Driver/Src/stm32f4xx_hal_qspi.o
 .text.HAL_QSPI_FifoThresholdCallback
                0x000000002000260c        0x2 Drivers/STM32F4xx_HAL_Driver/Src/stm32f4xx_hal_qspi.o
                0x000000002000260c                HAL_QSPI_FifoThresholdCallback
 .text.HAL_QSPI_StatusMatchCallback
                0x000000002000260e        0x2 Drivers/STM32F4xx_HAL_Driver/Src/stm32f4xx_hal_qspi.o
                0x000000002000260e                HAL_QSPI_StatusMatchCallback
 .text.HAL_QSPI_TimeOutCallback
                0x0000000020002610        0x2 Drivers/STM32F4xx_HAL_Driver/Src/stm32f4xx_hal_qspi.o
                0x0000000020002610                HAL_QSPI_TimeOutCallback
 .text.HAL_QSPI_GetState
                0x0000000020002612        0x6 Drivers/STM32F4xx_HAL_Driver/Src/stm32f4xx_hal_qspi.o
                0x0000000020002612                HAL_QSPI_GetState
 .text.HAL_QSPI_GetError
                0x0000000020002618        0x4 Drivers/STM32F4xx_HAL_Driver/Src/stm32f4xx_hal_qspi.o
                0x0000000020002618                HAL_QSPI_GetError
 .text.HAL_QSPI_Abort
                0x000000002000261c       0x78 Drivers/STM32F4xx_HAL_Driver/Src/stm32f4xx_hal_qspi.o
                0x000000002000261c                HAL_QSPI_Abort
 .text.HAL_QSPI_Transmit
                0x0000000020002694       0xbc Drivers/STM32F4xx_HAL_Driver/Src/stm32f4xx_hal_qspi.o
                0x0000000020002694                HAL_QSPI_Transmit
 .text.HAL_QSPI_Receive
                0x0000000020002750       0xc4 Drivers/STM32F4xx_HAL_Driver/Src/stm32f4xx_hal_qspi.o
                0x0000000020002750                HAL_QSPI_Receive
 .text.HAL_QSPI_Abort_IT
                0x0000000020002814       0x68 Drivers/STM32F4xx_HAL_Driver/Src/stm32f4xx_hal_qspi.o
                0x0000000020002814                HAL_QSPI_Abort_IT
 .text.HAL_QSPI_IRQHandler
                0x000000002000287c      0x1e0 Drivers/STM32F4xx_HAL_Driver/Src/stm32f4xx_hal_qspi.o
                0x000000002000287c                HAL_QSPI_IRQHandler
 .text.QSPI_DMAError
                0x0000000020002a5c       0x30 Drivers/STM32F4xx_HAL_Driver/Src/stm32f4xx_hal_qspi.o
 .text.HAL_QSPI_SetTimeout
                0x0000000020002a8c        0x4 Drivers/STM32F4xx_HAL_Driver/Src/stm32f4xx_hal_qspi.o
                0x0000000020002a8c                HAL_QSPI_SetTimeout
 .text.HAL_QSPI_SetFifoThreshold
                0x0000000020002a90       0x3e Drivers/STM32F4xx_HAL_Driver/Src/stm32f4xx_hal_qspi.o
                0x0000000020002a90                HAL_QSPI_SetFifoThreshold
 .text.HAL_QSPI_GetFifoThreshold
                0x0000000020002ace        0xc Drivers/STM32F4xx_HAL_Driver/Src/stm32f4xx_hal_qspi.o
                0x0000000020002ace                HAL_QSPI_GetFifoThreshold
 .text.HAL_RCC_DeInit
                0x0000000020002ada        0x4 Drivers/STM32F4xx_HAL_Driver/Src/stm32f4xx_hal_rcc.o
                0x0000000020002ada                HAL_RCC_DeInit
 *fill*         0x0000000020002ade        0x2 
 .text.HAL_RCC_OscConfig
                0x0000000020002ae0      0x254 Drivers/STM32F4xx_HAL_Driver/Src/stm32f4xx_hal_rcc.o
                0x0000000020002ae0                HAL_RCC_OscConfig
 .text.HAL_RCC_MCOConfig
                0x0000000020002d34       0x94 Drivers/STM32F4xx_HAL_Driver/Src/stm32f4xx_hal_rcc.o
                0x0000000020002d34                HAL_RCC_MCOConfig
 .text.HAL_RCC_EnableCSS
                0x0000000020002dc8        0xc Drivers/STM32F4xx_HAL_Driver/Src/stm32f4xx_hal_rcc.o
                0x0000000020002dc8                HAL_RCC_EnableCSS
 .text.HAL_RCC_DisableCSS
                0x0000000020002dd4        0xc Drivers/STM32F4xx_HAL_Driver/Src/stm32f4xx_hal_rcc.o
                0x0000000020002dd4                HAL_RCC_DisableCSS
 .text.HAL_RCC_GetSysClockFreq
                0x0000000020002de0       0x5c Drivers/STM32F4xx_HAL_Driver/Src/stm32f4xx_hal_rcc.o
                0x0000000020002de0                HAL_RCC_GetSysClockFreq
 .text.HAL_RCC_ClockConfig
                0x0000000020002e3c      0x104 Drivers/STM32F4xx_HAL_Driver/Src/stm32f4xx_hal_rcc.o
                0x0000000020002e3c                HAL_RCC_ClockConfig
 .text.HAL_RCC_GetHCLKFreq
                0x0000000020002f40        0xc Drivers/STM32F4xx_HAL_Driver/Src/stm32f4xx_hal_rcc.o
                0x0000000020002f40                HAL_RCC_GetHCLKFreq
 .text.HAL_RCC_GetPCLK1Freq
                0x0000000020002f4c       0x20 Drivers/STM32F4xx_HAL_Driver/Src/stm32f4xx_hal_rcc.o
                0x0000000020002f4c                HAL_RCC_GetPCLK1Freq
 .text.HAL_RCC_GetPCLK2Freq
                0x0000000020002f6c       0x20 Drivers/STM32F4xx_HAL_Driver/Src/stm32f4xx_hal_rcc.o
                0x0000000020002f6c                HAL_RCC_GetPCLK2Freq
 .text.HAL_RCC_GetOscConfig
                0x0000000020002f8c       0x9c Drivers/STM32F4xx_HAL_Driver/Src/stm32f4xx_hal_rcc.o
                0x0000000020002f8c                HAL_RCC_GetOscConfig
 .text.HAL_RCC_GetClockConfig
                0x0000000020003028       0x3c Drivers/STM32F4xx_HAL_Driver/Src/stm32f4xx_hal_rcc.o
                0x0000000020003028                HAL_RCC_GetClockConfig
 .text.HAL_RCC_CSSCallback
                0x0000000020003064        0x2 Drivers/STM32F4xx_HAL_Driver/Src/stm32f4xx_hal_rcc.o
                0x0000000020003064                HAL_RCC_CSSCallback
 *fill*         0x0000000020003066        0x2 
 .text.HAL_RCC_NMI_IRQHandler
                0x0000000020003068       0x20 Drivers/STM32F4xx_HAL_Driver/Src/stm32f4xx_hal_rcc.o
                0x0000000020003068                HAL_RCC_NMI_IRQHandler
 .text.memset   0x0000000020003088       0x10 c:/st/stm32cubeide_1.2.0/stm32cubeide/plugins/com.st.stm32cube.ide.mcu.externaltools.gnu-tools-for-stm32.7-2018-q2-update.win32_1.0.0.201904181610/tools/bin/../lib/gcc/arm-none-eabi/7.3.1/../../../../arm-none-eabi/lib/thumb/v7e-m/fpv4-sp/hard\libc_nano.a(lib_a-memset.o)
                0x0000000020003088                memset
 *(.init)
 *(.fini)
                0x0000000020003098                . = ALIGN (0x4)
                0x0000000020003098                _etext = .

.glue_7         0x0000000020003098        0x0
 .glue_7        0x0000000020003098        0x0 linker stubs

.glue_7t        0x0000000020003098        0x0
 .glue_7t       0x0000000020003098        0x0 linker stubs

.vfp11_veneer   0x0000000020003098        0x0
 .vfp11_veneer  0x0000000020003098        0x0 linker stubs

.v4_bx          0x0000000020003098        0x0
 .v4_bx         0x0000000020003098        0x0 linker stubs

.iplt           0x0000000020003098        0x0
 .iplt          0x0000000020003098        0x0 Core/Src/Loader_Src.o

.Dev_info
 Core/Src/Dev_Inf.o(.rodata)

.rodata         0x0000000020003098       0xe8
                0x0000000020003098                . = ALIGN (0x4)
 *(.rodata)
 *(.rodata*)
 .rodata.StorageInfo
                0x0000000020003098       0xc8 Core/Src/Dev_Inf.o
                0x0000000020003098                StorageInfo
 .rodata.AHBPrescTable
                0x0000000020003160       0x10 Core/Src/system_stm32f4xx.o
                0x0000000020003160                AHBPrescTable
 .rodata.APBPrescTable
                0x0000000020003170        0x8 Core/Src/system_stm32f4xx.o
                0x0000000020003170                APBPrescTable
 .rodata.flagBitshiftOffset.7632
                0x0000000020003178        0x8 Drivers/STM32F4xx_HAL_Driver/Src/stm32f4xx_hal_dma.o
                0x0000000020003180                . = ALIGN (0x4)

.ARM.extab      0x0000000020003180        0x0
 *(.ARM.extab* .gnu.linkonce.armextab.*)
 .ARM.extab     0x0000000020003180        0x0 c:/st/stm32cubeide_1.2.0/stm32cubeide/plugins/com.st.stm32cube.ide.mcu.externaltools.gnu-tools-for-stm32.7-2018-q2-update.win32_1.0.0.201904181610/tools/bin/../lib/gcc/arm-none-eabi/7.3.1/thumb/v7e-m/fpv4-sp/hard\libgcc.a(_udivmoddi4.o)

.ARM            0x0000000020003180        0x8
                0x0000000020003180                __exidx_start = .
 *(.ARM.exidx*)
 .ARM.exidx     0x0000000020003180        0x8 c:/st/stm32cubeide_1.2.0/stm32cubeide/plugins/com.st.stm32cube.ide.mcu.externaltools.gnu-tools-for-stm32.7-2018-q2-update.win32_1.0.0.201904181610/tools/bin/../lib/gcc/arm-none-eabi/7.3.1/thumb/v7e-m/fpv4-sp/hard\libgcc.a(_udivmoddi4.o)
                0x0000000020003188                __exidx_end = .

.rel.dyn        0x0000000020003188        0x0
 .rel.iplt      0x0000000020003188        0x0 Core/Src/Loader_Src.o

.preinit_array  0x0000000020003188        0x0
                [!provide]                        PROVIDE (__preinit_array_start = .)
 *(.preinit_array*)
                [!provide]                        PROVIDE (__preinit_array_end = .)

.init_array     0x0000000020003188        0x0
                [!provide]                        PROVIDE (__init_array_start = .)
 *(SORT_BY_NAME(.init_array.*))
 *(.init_array*)
                [!provide]                        PROVIDE (__init_array_end = .)

.fini_array     0x0000000020003188        0x0
                [!provide]                        PROVIDE (__fini_array_start = .)
 *(SORT_BY_NAME(.fini_array.*))
 *(.fini_array*)
                [!provide]                        PROVIDE (__fini_array_end = .)
                0x0000000020003188                _sidata = LOADADDR (.data)

.data           0x0000000020003188        0xc
                0x0000000020003188                . = ALIGN (0x4)
                0x0000000020003188                _sdata = .
 *(.data)
 .data          0x0000000020003188        0x0 Core/Src/Dev_Inf.o
 .data          0x0000000020003188        0x0 Core/Src/Loader_Src.o
 .data          0x0000000020003188        0x0 Core/Src/stm32f4xx_hal_msp.o
 .data          0x0000000020003188        0x0 Core/Src/system_stm32f4xx.o
 .data          0x0000000020003188        0x0 Core/Src/w25q128jv.o
 .data          0x0000000020003188        0x0 Drivers/STM32F4xx_HAL_Driver/Src/stm32f4xx_hal.o
 .data          0x0000000020003188        0x0 Drivers/STM32F4xx_HAL_Driver/Src/stm32f4xx_hal_cortex.o
 .data          0x0000000020003188        0x0 Drivers/STM32F4xx_HAL_Driver/Src/stm32f4xx_hal_dma.o
 .data          0x0000000020003188        0x0 Drivers/STM32F4xx_HAL_Driver/Src/stm32f4xx_hal_gpio.o
 .data          0x0000000020003188        0x0 Drivers/STM32F4xx_HAL_Driver/Src/stm32f4xx_hal_pwr.o
 .data          0x0000000020003188        0x0 Drivers/STM32F4xx_HAL_Driver/Src/stm32f4xx_hal_qspi.o
 .data          0x0000000020003188        0x0 Drivers/STM32F4xx_HAL_Driver/Src/stm32f4xx_hal_rcc.o
 .data          0x0000000020003188        0x0 c:/st/stm32cubeide_1.2.0/stm32cubeide/plugins/com.st.stm32cube.ide.mcu.externaltools.gnu-tools-for-stm32.7-2018-q2-update.win32_1.0.0.201904181610/tools/bin/../lib/gcc/arm-none-eabi/7.3.1/../../../../arm-none-eabi/lib/thumb/v7e-m/fpv4-sp/hard\libc_nano.a(lib_a-memset.o)
 .data          0x0000000020003188        0x0 c:/st/stm32cubeide_1.2.0/stm32cubeide/plugins/com.st.stm32cube.ide.mcu.externaltools.gnu-tools-for-stm32.7-2018-q2-update.win32_1.0.0.201904181610/tools/bin/../lib/gcc/arm-none-eabi/7.3.1/thumb/v7e-m/fpv4-sp/hard\libgcc.a(_aeabi_ldivmod.o)
 .data          0x0000000020003188        0x0 c:/st/stm32cubeide_1.2.0/stm32cubeide/plugins/com.st.stm32cube.ide.mcu.externaltools.gnu-tools-for-stm32.7-2018-q2-update.win32_1.0.0.201904181610/tools/bin/../lib/gcc/arm-none-eabi/7.3.1/thumb/v7e-m/fpv4-sp/hard\libgcc.a(_aeabi_uldivmod.o)
 .data          0x0000000020003188        0x0 c:/st/stm32cubeide_1.2.0/stm32cubeide/plugins/com.st.stm32cube.ide.mcu.externaltools.gnu-tools-for-stm32.7-2018-q2-update.win32_1.0.0.201904181610/tools/bin/../lib/gcc/arm-none-eabi/7.3.1/thumb/v7e-m/fpv4-sp/hard\libgcc.a(_udivmoddi4.o)
 .data          0x0000000020003188        0x0 c:/st/stm32cubeide_1.2.0/stm32cubeide/plugins/com.st.stm32cube.ide.mcu.externaltools.gnu-tools-for-stm32.7-2018-q2-update.win32_1.0.0.201904181610/tools/bin/../lib/gcc/arm-none-eabi/7.3.1/thumb/v7e-m/fpv4-sp/hard\libgcc.a(_dvmd_tls.o)
 *(.data*)
 .data.SystemCoreClock
                0x0000000020003188        0x4 Core/Src/system_stm32f4xx.o
                0x0000000020003188                SystemCoreClock
 .data.uwTickFreq
                0x000000002000318c        0x1 Drivers/STM32F4xx_HAL_Driver/Src/stm32f4xx_hal.o
                0x000000002000318c                uwTickFreq
 *fill*         0x000000002000318d        0x3 
 .data.uwTickPrio
                0x0000000020003190        0x4 Drivers/STM32F4xx_HAL_Driver/Src/stm32f4xx_hal.o
                0x0000000020003190                uwTickPrio
                0x0000000020003194                . = ALIGN (0x4)
                0x0000000020003194                _edata = .

.igot.plt       0x0000000020003194        0x0
 .igot.plt      0x0000000020003194        0x0 Core/Src/Loader_Src.o
                0x0000000020003194                . = ALIGN (0x4)

.bss            0x0000000020003194       0x54
                0x0000000020003194                _sbss = .
                0x0000000020003194                __bss_start__ = _sbss
 *(.bss)
 .bss           0x0000000020003194        0x0 Core/Src/Dev_Inf.o
 .bss           0x0000000020003194        0x0 Core/Src/Loader_Src.o
 .bss           0x0000000020003194        0x0 Core/Src/stm32f4xx_hal_msp.o
 .bss           0x0000000020003194        0x0 Core/Src/system_stm32f4xx.o
 .bss           0x0000000020003194        0x0 Core/Src/w25q128jv.o
 .bss           0x0000000020003194        0x0 Drivers/STM32F4xx_HAL_Driver/Src/stm32f4xx_hal.o
 .bss           0x0000000020003194        0x0 Drivers/STM32F4xx_HAL_Driver/Src/stm32f4xx_hal_cortex.o
 .bss           0x0000000020003194        0x0 Drivers/STM32F4xx_HAL_Driver/Src/stm32f4xx_hal_dma.o
 .bss           0x0000000020003194        0x0 Drivers/STM32F4xx_HAL_Driver/Src/stm32f4xx_hal_gpio.o
 .bss           0x0000000020003194        0x0 Drivers/STM32F4xx_HAL_Driver/Src/stm32f4xx_hal_pwr.o
 .bss           0x0000000020003194        0x0 Drivers/STM32F4xx_HAL_Driver/Src/stm32f4xx_hal_qspi.o
 .bss           0x0000000020003194        0x0 Drivers/STM32F4xx_HAL_Driver/Src/stm32f4xx_hal_rcc.o
 .bss           0x0000000020003194        0x0 c:/st/stm32cubeide_1.2.0/stm32cubeide/plugins/com.st.stm32cube.ide.mcu.externaltools.gnu-tools-for-stm32.7-2018-q2-update.win32_1.0.0.201904181610/tools/bin/../lib/gcc/arm-none-eabi/7.3.1/../../../../arm-none-eabi/lib/thumb/v7e-m/fpv4-sp/hard\libc_nano.a(lib_a-memset.o)
 .bss           0x0000000020003194        0x0 c:/st/stm32cubeide_1.2.0/stm32cubeide/plugins/com.st.stm32cube.ide.mcu.externaltools.gnu-tools-for-stm32.7-2018-q2-update.win32_1.0.0.201904181610/tools/bin/../lib/gcc/arm-none-eabi/7.3.1/thumb/v7e-m/fpv4-sp/hard\libgcc.a(_aeabi_ldivmod.o)
 .bss           0x0000000020003194        0x0 c:/st/stm32cubeide_1.2.0/stm32cubeide/plugins/com.st.stm32cube.ide.mcu.externaltools.gnu-tools-for-stm32.7-2018-q2-update.win32_1.0.0.201904181610/tools/bin/../lib/gcc/arm-none-eabi/7.3.1/thumb/v7e-m/fpv4-sp/hard\libgcc.a(_aeabi_uldivmod.o)
 .bss           0x0000000020003194        0x0 c:/st/stm32cubeide_1.2.0/stm32cubeide/plugins/com.st.stm32cube.ide.mcu.externaltools.gnu-tools-for-stm32.7-2018-q2-update.win32_1.0.0.201904181610/tools/bin/../lib/gcc/arm-none-eabi/7.3.1/thumb/v7e-m/fpv4-sp/hard\libgcc.a(_udivmoddi4.o)
 .bss           0x0000000020003194        0x0 c:/st/stm32cubeide_1.2.0/stm32cubeide/plugins/com.st.stm32cube.ide.mcu.externaltools.gnu-tools-for-stm32.7-2018-q2-update.win32_1.0.0.201904181610/tools/bin/../lib/gcc/arm-none-eabi/7.3.1/thumb/v7e-m/fpv4-sp/hard\libgcc.a(_dvmd_tls.o)
 *(.bss*)
 .bss.CmdCplt   0x0000000020003194        0x1 Core/Src/w25q128jv.o
 .bss.RxCplt    0x0000000020003195        0x1 Core/Src/w25q128jv.o
 .bss.State     0x0000000020003196        0x1 Core/Src/w25q128jv.o
 .bss.TxCplt    0x0000000020003197        0x1 Core/Src/w25q128jv.o
 *(COMMON)
 COMMON         0x0000000020003198       0x4c Core/Src/Loader_Src.o
                0x0000000020003198                hqspi
 COMMON         0x00000000200031e4        0x4 Drivers/STM32F4xx_HAL_Driver/Src/stm32f4xx_hal.o
                0x00000000200031e4                uwTick
                0x00000000200031e8                . = ALIGN (0x4)
                0x00000000200031e8                _ebss = .
                0x00000000200031e8                __bss_end__ = _ebss

/DISCARD/
 libc.a(*)
 libm.a(*)
 libgcc.a(*)

.ARM.attributes
                0x0000000000000000       0x39
 *(.ARM.attributes)
 .ARM.attributes
                0x0000000000000000       0x39 Core/Src/Dev_Inf.o
 .ARM.attributes
                0x0000000000000039       0x39 Core/Src/Loader_Src.o
 .ARM.attributes
                0x0000000000000072       0x39 Core/Src/stm32f4xx_hal_msp.o
 .ARM.attributes
                0x00000000000000ab       0x39 Core/Src/system_stm32f4xx.o
 .ARM.attributes
                0x00000000000000e4       0x39 Core/Src/w25q128jv.o
 .ARM.attributes
                0x000000000000011d       0x39 Drivers/STM32F4xx_HAL_Driver/Src/stm32f4xx_hal.o
 .ARM.attributes
                0x0000000000000156       0x39 Drivers/STM32F4xx_HAL_Driver/Src/stm32f4xx_hal_cortex.o
 .ARM.attributes
                0x000000000000018f       0x39 Drivers/STM32F4xx_HAL_Driver/Src/stm32f4xx_hal_dma.o
 .ARM.attributes
                0x00000000000001c8       0x39 Drivers/STM32F4xx_HAL_Driver/Src/stm32f4xx_hal_gpio.o
 .ARM.attributes
                0x0000000000000201       0x39 Drivers/STM32F4xx_HAL_Driver/Src/stm32f4xx_hal_pwr.o
 .ARM.attributes
                0x000000000000023a       0x39 Drivers/STM32F4xx_HAL_Driver/Src/stm32f4xx_hal_qspi.o
 .ARM.attributes
                0x0000000000000273       0x39 Drivers/STM32F4xx_HAL_Driver/Src/stm32f4xx_hal_rcc.o
 .ARM.attributes
                0x00000000000002ac       0x34 c:/st/stm32cubeide_1.2.0/stm32cubeide/plugins/com.st.stm32cube.ide.mcu.externaltools.gnu-tools-for-stm32.7-2018-q2-update.win32_1.0.0.201904181610/tools/bin/../lib/gcc/arm-none-eabi/7.3.1/../../../../arm-none-eabi/lib/thumb/v7e-m/fpv4-sp/hard\libc_nano.a(lib_a-memset.o)
OUTPUT(W25Q128_STM32F412ZG.elf elf32-littlearm)

.comment        0x0000000000000000       0x7b
 .comment       0x0000000000000000       0x7b Core/Src/Dev_Inf.o
                                         0x7c (size before relaxing)
 .comment       0x000000000000007b       0x7c Core/Src/Loader_Src.o
 .comment       0x000000000000007b       0x7c Core/Src/stm32f4xx_hal_msp.o
 .comment       0x000000000000007b       0x7c Core/Src/system_stm32f4xx.o
 .comment       0x000000000000007b       0x7c Core/Src/w25q128jv.o
 .comment       0x000000000000007b       0x7c Drivers/STM32F4xx_HAL_Driver/Src/stm32f4xx_hal.o
 .comment       0x000000000000007b       0x7c Drivers/STM32F4xx_HAL_Driver/Src/stm32f4xx_hal_cortex.o
 .comment       0x000000000000007b       0x7c Drivers/STM32F4xx_HAL_Driver/Src/stm32f4xx_hal_dma.o
 .comment       0x000000000000007b       0x7c Drivers/STM32F4xx_HAL_Driver/Src/stm32f4xx_hal_gpio.o
 .comment       0x000000000000007b       0x7c Drivers/STM32F4xx_HAL_Driver/Src/stm32f4xx_hal_pwr.o
 .comment       0x000000000000007b       0x7c Drivers/STM32F4xx_HAL_Driver/Src/stm32f4xx_hal_qspi.o
 .comment       0x000000000000007b       0x7c Drivers/STM32F4xx_HAL_Driver/Src/stm32f4xx_hal_rcc.o

.debug_frame    0x0000000000000000       0x20
 .debug_frame   0x0000000000000000       0x20 c:/st/stm32cubeide_1.2.0/stm32cubeide/plugins/com.st.stm32cube.ide.mcu.externaltools.gnu-tools-for-stm32.7-2018-q2-update.win32_1.0.0.201904181610/tools/bin/../lib/gcc/arm-none-eabi/7.3.1/../../../../arm-none-eabi/lib/thumb/v7e-m/fpv4-sp/hard\libc_nano.a(lib_a-memset.o)
