###############################################################################
#
# IAR ELF Linker V8.42.1.236/W32 for ARM                  28/Jan/2020  13:46:56
# Copyright 2007-2019 IAR Systems AB.
#
#    Output file  =
#        D:\ST\STLDR\W25Q128_STM32F412ZG\EWARM\W25Q128_STM32F412ZG\Exe\W25Q128_STM32F412ZG.out
#    Map file     =
#        D:\ST\STLDR\W25Q128_STM32F412ZG\EWARM\W25Q128_STM32F412ZG\List\W25Q128_STM32F412ZG.map
#    Command line =
#        -f C:\Users\jah00\AppData\Local\Temp\EW9F89.tmp
#        (D:\ST\STLDR\W25Q128_STM32F412ZG\EWARM\W25Q128_STM32F412ZG\Obj\debug.o
#        D:\ST\STLDR\W25Q128_STM32F412ZG\EWARM\W25Q128_STM32F412ZG\Obj\Dev_Inf.o
#        D:\ST\STLDR\W25Q128_STM32F412ZG\EWARM\W25Q128_STM32F412ZG\Obj\Loader_Src.o
#        D:\ST\STLDR\W25Q128_STM32F412ZG\EWARM\W25Q128_STM32F412ZG\Obj\main.o
#        D:\ST\STLDR\W25Q128_STM32F412ZG\EWARM\W25Q128_STM32F412ZG\Obj\stm32f4xx_hal.o
#        D:\ST\STLDR\W25Q128_STM32F412ZG\EWARM\W25Q128_STM32F412ZG\Obj\stm32f4xx_hal_cortex.o
#        D:\ST\STLDR\W25Q128_STM32F412ZG\EWARM\W25Q128_STM32F412ZG\Obj\stm32f4xx_hal_msp.o
#        D:\ST\STLDR\W25Q128_STM32F412ZG\EWARM\W25Q128_STM32F412ZG\Obj\stm32f4xx_hal_qspi.o
#        D:\ST\STLDR\W25Q128_STM32F412ZG\EWARM\W25Q128_STM32F412ZG\Obj\stm32f4xx_ll_gpio.o
#        D:\ST\STLDR\W25Q128_STM32F412ZG\EWARM\W25Q128_STM32F412ZG\Obj\stm32f4xx_ll_rcc.o
#        D:\ST\STLDR\W25Q128_STM32F412ZG\EWARM\W25Q128_STM32F412ZG\Obj\stm32f4xx_ll_usart.o
#        D:\ST\STLDR\W25Q128_STM32F412ZG\EWARM\W25Q128_STM32F412ZG\Obj\stm32f4xx_ll_utils.o
#        D:\ST\STLDR\W25Q128_STM32F412ZG\EWARM\W25Q128_STM32F412ZG\Obj\system_stm32f4xx.o
#        D:\ST\STLDR\W25Q128_STM32F412ZG\EWARM\W25Q128_STM32F412ZG\Obj\w25q128jv_ll.o
#        --no_out_extension -o
#        D:\ST\STLDR\W25Q128_STM32F412ZG\EWARM\W25Q128_STM32F412ZG\Exe\W25Q128_STM32F412ZG.out
#        --map
#        D:\ST\STLDR\W25Q128_STM32F412ZG\EWARM\W25Q128_STM32F412ZG\List\W25Q128_STM32F412ZG.map
#        --config D:\ST\STLDR\W25Q128_STM32F412ZG\EWARM/Target.icf
#        --diag_suppress Lp006 --no_remove --semihosting --no_library_search
#        --entry Init --vfe --text_out locale)
#
###############################################################################

*******************************************************************************
*** RUNTIME MODEL ATTRIBUTES
***

__SystemLibrary = DLib
__dlib_version  = 6


*******************************************************************************
*** PLACEMENT SUMMARY
***

define block RAM_BLOCK with fixed order { ro code, ro data, rw };
"P1":  place in [from 0x2000'0004 to 0x2003'e000] { block RAM_BLOCK };
define block Info_BLOCK with fixed order { ro data object Dev_Inf.o };
"P2":  place in [from 0x0 to 0x200] { block Info_BLOCK };

No sections matched the following patterns:

  rw  in block RAM_BLOCK


  Section     Kind         Address    Size  Object
  -------     ----         -------    ----  ------
"P2":                                 0xc8
  Info_BLOCK                   0x0    0xc8  <Block>
    .rodata   const            0x0    0xc8  Dev_Inf.o [1]
                            - 0xc8    0xc8

"P1":                               0x27da
  RAM_BLOCK            0x2000'0004  0x27da  <Block>
    .text     ro code  0x2000'0004   0x392  Loader_Src.o [1]
    .text     ro code  0x2000'0396     0x2  stm32f4xx_hal.o [1]
    .text     ro code  0x2000'0398   0x7e0  stm32f4xx_hal_qspi.o [1]
    .text     ro code  0x2000'0b78   0x122  stm32f4xx_hal.o [1]
    .text     ro code  0x2000'0c9a     0x2  stm32f4xx_hal.o [1]
    .text     ro code  0x2000'0c9c   0x1fa  main.o [1]
    .text     ro code  0x2000'0e96     0x2  stm32f4xx_hal.o [1]
    .text     ro code  0x2000'0e98   0x6e0  w25q128jv_ll.o [1]
    .text     ro code  0x2000'1578     0x8  debug.o [1]
    .text     ro code  0x2000'1580     0x4  stm32f4xx_hal.o [1]
    .text     ro code  0x2000'1584   0x174  stm32f4xx_hal_msp.o [1]
    .text     ro code  0x2000'16f8     0x2  stm32f4xx_hal.o [1]
    .text     ro code  0x2000'16fa     0x2  stm32f4xx_hal.o [1]
    .text     ro code  0x2000'16fc   0x1f4  stm32f4xx_ll_utils.o [1]
    .text     ro code  0x2000'18f0     0x6  stm32f4xx_hal.o [1]
    .text     ro code  0x2000'18f6     0x2  stm32f4xx_hal_qspi.o [1]
    .text     ro code  0x2000'18f8   0x2aa  stm32f4xx_ll_gpio.o [1]
    .text     ro code  0x2000'1ba2     0x2  stm32f4xx_hal_qspi.o [1]
    .text     ro code  0x2000'1ba4   0x3d6  stm32f4xx_hal_cortex.o [1]
    .text     ro code  0x2000'1f7a     0x2  stm32f4xx_hal_qspi.o [1]
    .text     ro code  0x2000'1f7c   0x63c  stm32f4xx_ll_rcc.o [1]
    .text     ro code  0x2000'25b8   0x1da  stm32f4xx_ll_usart.o [1]
    .text     ro code  0x2000'2792     0x2  stm32f4xx_hal_qspi.o [1]
    .text     ro code  0x2000'2794     0x2  stm32f4xx_hal_qspi.o [1]
    .text     ro code  0x2000'2796     0x2  stm32f4xx_hal_qspi.o [1]
    .text     ro code  0x2000'2798     0x2  stm32f4xx_hal_qspi.o [1]
    .text     ro code  0x2000'279a     0x2  stm32f4xx_hal_qspi.o [1]
    .text     ro code  0x2000'279c     0x2  stm32f4xx_hal_qspi.o [1]
    .text     ro code  0x2000'279e     0x2  stm32f4xx_hal_qspi.o [1]
    .text     ro code  0x2000'27a0     0x2  stm32f4xx_hal_qspi.o [1]
    .text     ro code  0x2000'27a2     0x4  system_stm32f4xx.o [1]
    .rodata   const    0x2000'27a8     0x8  Loader_Src.o [1]
    .rodata   const    0x2000'27b0     0xc  Loader_Src.o [1]
    .rodata   const    0x2000'27bc    0x10  Loader_Src.o [1]
    .rodata   const    0x2000'27cc    0x10  Loader_Src.o [1]
    .rodata   const    0x2000'27dc     0x2  Loader_Src.o [1]
                     - 0x2000'27de  0x27da

Absolute sections, part 1 of 2:        0x4
  .noinit     uninit   0x2003'e000     0x4  Loader_Src.o [1]
                     - 0x2003'e004     0x4

Absolute sections, part 2 of 2:       0x4c
  .noinit     uninit   0x2003'e010    0x4c  main.o [1]
                     - 0x2003'e05c    0x4c

Unused ranges:

         From           To      Size
         ----           --      ----
         0xc8        0x200     0x139
  0x2000'27de  0x2003'dfff  0x3'b822



*******************************************************************************
*** MODULE SUMMARY
***

    Module                  ro code  ro data  rw data
                                               (abs)
    ------                  -------  -------  -------
command line/config:
    -------------------------------------------------
    Total:

D:\ST\STLDR\W25Q128_STM32F412ZG\EWARM\W25Q128_STM32F412ZG\Obj: [1]
    Dev_Inf.o                            200
    Loader_Src.o                914       54        4
    debug.o                       8
    main.o                      506                76
    stm32f4xx_hal.o             310
    stm32f4xx_hal_cortex.o      982
    stm32f4xx_hal_msp.o         372
    stm32f4xx_hal_qspi.o      2'038
    stm32f4xx_ll_gpio.o         682
    stm32f4xx_ll_rcc.o        1'596
    stm32f4xx_ll_usart.o        474
    stm32f4xx_ll_utils.o        500
    system_stm32f4xx.o            4
    w25q128jv_ll.o            1'760
    -------------------------------------------------
    Total:                   10'146      254       80

    Gaps                                   2
-----------------------------------------------------
    Grand Total:             10'146      256       80


*******************************************************************************
*** ENTRY LIST
***

Entry                       Address   Size  Type      Object
-----                       -------   ----  ----      ------
Debug_DeInit            0x2000'157f    0x2  Code  Gb  debug.o [1]
Debug_Init              0x2000'1579    0x2  Code  Gb  debug.o [1]
Debug_Print             0x2000'157b    0x2  Code  Gb  debug.o [1]
Debug_sprintf           0x2000'157d    0x2  Code  Gb  debug.o [1]
Error_Handler           0x2000'0e95    0x2  Code  Gb  main.o [1]
HAL_DBGMCU_DisableDBGSleepMode
                        0x2000'0c05    0xc  Code  Gb  stm32f4xx_hal.o [1]
HAL_DBGMCU_DisableDBGStandbyMode
                        0x2000'0c35    0xc  Code  Gb  stm32f4xx_hal.o [1]
HAL_DBGMCU_DisableDBGStopMode
                        0x2000'0c1d    0xc  Code  Gb  stm32f4xx_hal.o [1]
HAL_DBGMCU_EnableDBGSleepMode
                        0x2000'0bf9    0xc  Code  Gb  stm32f4xx_hal.o [1]
HAL_DBGMCU_EnableDBGStandbyMode
                        0x2000'0c29    0xc  Code  Gb  stm32f4xx_hal.o [1]
HAL_DBGMCU_EnableDBGStopMode
                        0x2000'0c11    0xc  Code  Gb  stm32f4xx_hal.o [1]
HAL_DeInit              0x2000'0b9d   0x36  Code  Gb  stm32f4xx_hal.o [1]
HAL_DisableCompensationCell
                        0x2000'0c49    0x8  Code  Gb  stm32f4xx_hal.o [1]
HAL_EnableCompensationCell
                        0x2000'0c41    0x8  Code  Gb  stm32f4xx_hal.o [1]
HAL_GetDEVID            0x2000'0bef    0xa  Code  Gb  stm32f4xx_hal.o [1]
HAL_GetHalVersion       0x2000'0be3    0x4  Code  Gb  stm32f4xx_hal.o [1]
HAL_GetREVID            0x2000'0be7    0x8  Code  Gb  stm32f4xx_hal.o [1]
HAL_GetTick             0x2000'1581    0x4  Code  Wk  stm32f4xx_hal.o [1]
HAL_GetTickFreq         0x2000'0bdf    0x4  Code  Gb  stm32f4xx_hal.o [1]
HAL_GetTickPrio         0x2000'0bd3    0x4  Code  Gb  stm32f4xx_hal.o [1]
HAL_GetUIDw0            0x2000'0c51    0x6  Code  Gb  stm32f4xx_hal.o [1]
HAL_GetUIDw1            0x2000'0c57    0x6  Code  Gb  stm32f4xx_hal.o [1]
HAL_GetUIDw2            0x2000'0c5d    0x6  Code  Gb  stm32f4xx_hal.o [1]
HAL_Init                0x2000'0b79   0x24  Code  Gb  stm32f4xx_hal.o [1]
HAL_InitTick            0x2000'18f1    0x6  Code  Wk  stm32f4xx_hal.o [1]
HAL_MPU_ConfigRegion    0x2000'1e55   0x58  Code  Gb  stm32f4xx_hal_cortex.o [1]
HAL_MPU_Disable         0x2000'1e23   0x16  Code  Gb  stm32f4xx_hal_cortex.o [1]
HAL_MPU_Enable          0x2000'1e39   0x1c  Code  Gb  stm32f4xx_hal_cortex.o [1]
HAL_MspInit             0x2000'1585   0x36  Code  Gb  stm32f4xx_hal_msp.o [1]
HAL_NVIC_ClearPendingIRQ
                        0x2000'1eef    0xe  Code  Gb  stm32f4xx_hal_cortex.o [1]
HAL_NVIC_DisableIRQ     0x2000'1e01    0xe  Code  Gb  stm32f4xx_hal_cortex.o [1]
HAL_NVIC_EnableIRQ      0x2000'1df3    0xe  Code  Gb  stm32f4xx_hal_cortex.o [1]
HAL_NVIC_GetActive      0x2000'1efd    0xe  Code  Gb  stm32f4xx_hal_cortex.o [1]
HAL_NVIC_GetPendingIRQ  0x2000'1ee1    0xe  Code  Gb  stm32f4xx_hal_cortex.o [1]
HAL_NVIC_GetPriority    0x2000'1eb5   0x1e  Code  Gb  stm32f4xx_hal_cortex.o [1]
HAL_NVIC_GetPriorityGrouping
                        0x2000'1ead    0x8  Code  Gb  stm32f4xx_hal_cortex.o [1]
HAL_NVIC_SetPendingIRQ  0x2000'1ed3    0xe  Code  Gb  stm32f4xx_hal_cortex.o [1]
HAL_NVIC_SetPriority    0x2000'1dc9   0x2a  Code  Gb  stm32f4xx_hal_cortex.o [1]
HAL_NVIC_SetPriorityGrouping
                        0x2000'1dbd    0xc  Code  Gb  stm32f4xx_hal_cortex.o [1]
HAL_NVIC_SystemReset    0x2000'1e0f    0x8  Code  Gb  stm32f4xx_hal_cortex.o [1]
HAL_QSPI_Abort          0x2000'0893   0x70  Code  Gb  stm32f4xx_hal_qspi.o [1]
HAL_QSPI_AutoPolling    0x2000'0711   0xcc  Code  Gb  stm32f4xx_hal_qspi.o [1]
HAL_QSPI_Command        0x2000'048f   0xac  Code  Gb  stm32f4xx_hal_qspi.o [1]
HAL_QSPI_DeInit         0x2000'045d   0x32  Code  Gb  stm32f4xx_hal_qspi.o [1]
HAL_QSPI_GetError       0x2000'088f    0x4  Code  Gb  stm32f4xx_hal_qspi.o [1]
HAL_QSPI_GetFifoThreshold
                        0x2000'0951    0xc  Code  Gb  stm32f4xx_hal_qspi.o [1]
HAL_QSPI_GetState       0x2000'0889    0x6  Code  Gb  stm32f4xx_hal_qspi.o [1]
HAL_QSPI_Init           0x2000'0399   0xba  Code  Gb  stm32f4xx_hal_qspi.o [1]
HAL_QSPI_MemoryMapped   0x2000'07dd   0xac  Code  Gb  stm32f4xx_hal_qspi.o [1]
HAL_QSPI_MspDeInit      0x2000'16b7   0x22  Code  Gb  stm32f4xx_hal_msp.o [1]
HAL_QSPI_MspInit        0x2000'15bb   0xfc  Code  Gb  stm32f4xx_hal_msp.o [1]
HAL_QSPI_Receive        0x2000'061b   0xf6  Code  Gb  stm32f4xx_hal_qspi.o [1]
HAL_QSPI_SetFifoThreshold
                        0x2000'0907   0x4a  Code  Gb  stm32f4xx_hal_qspi.o [1]
HAL_QSPI_SetTimeout     0x2000'0903    0x4  Code  Gb  stm32f4xx_hal_qspi.o [1]
HAL_QSPI_Transmit       0x2000'053b   0xe0  Code  Gb  stm32f4xx_hal_qspi.o [1]
HAL_SYSTICK_CLKSourceConfig
                        0x2000'1f0b   0x1c  Code  Gb  stm32f4xx_hal_cortex.o [1]
HAL_SYSTICK_Config      0x2000'1e17    0xc  Code  Gb  stm32f4xx_hal_cortex.o [1]
HAL_SYSTICK_IRQHandler  0x2000'1f71    0x8  Code  Gb  stm32f4xx_hal_cortex.o [1]
HAL_SetTickFreq         0x2000'0bd7    0x8  Code  Gb  stm32f4xx_hal.o [1]
Info_BLOCK$$Base                0x0          --   Gb  - Linker created -
Info_BLOCK$$Limit              0xc8          --   Gb  - Linker created -
Init                    0x2000'0005   0x64  Code  Gb  Loader_Src.o [1]
LL_AHB1_GRP1_EnableClock
                        0x2000'0d15   0x16  Code  Lc  main.o [1]
LL_AHB1_GRP1_ForceReset
                        0x2000'1a0f    0xa  Code  Lc  stm32f4xx_ll_gpio.o [1]
LL_AHB1_GRP1_ReleaseReset
                        0x2000'1a19    0xa  Code  Lc  stm32f4xx_ll_gpio.o [1]
LL_APB1_GRP1_EnableClock
                        0x2000'0d2b   0x16  Code  Lc  main.o [1]
LL_APB1_GRP1_ForceReset
                        0x2000'25e5    0xa  Code  Lc  stm32f4xx_ll_usart.o [1]
LL_APB1_GRP1_ReleaseReset
                        0x2000'25ef    0xa  Code  Lc  stm32f4xx_ll_usart.o [1]
LL_APB2_GRP1_ForceReset
                        0x2000'25f9    0xa  Code  Lc  stm32f4xx_ll_usart.o [1]
LL_APB2_GRP1_ReleaseReset
                        0x2000'2603    0xa  Code  Lc  stm32f4xx_ll_usart.o [1]
LL_FLASH_GetLatency     0x2000'0d4f    0xa  Code  Lc  main.o [1]
LL_FLASH_SetLatency     0x2000'0d41    0xe  Code  Lc  main.o [1]
LL_GPIO_DeInit          0x2000'1a23   0xb0  Code  Gb  stm32f4xx_ll_gpio.o [1]
LL_GPIO_Init            0x2000'1af9   0x8e  Code  Gb  stm32f4xx_ll_gpio.o [1]
LL_GPIO_SetAFPin_0_7    0x2000'19ab   0x2e  Code  Lc  stm32f4xx_ll_gpio.o [1]
LL_GPIO_SetAFPin_8_15   0x2000'19d9   0x36  Code  Lc  stm32f4xx_ll_gpio.o [1]
LL_GPIO_SetPinMode      0x2000'18f9   0x2e  Code  Lc  stm32f4xx_ll_gpio.o [1]
LL_GPIO_SetPinOutputType
                        0x2000'1927   0x28  Code  Lc  stm32f4xx_ll_gpio.o [1]
LL_GPIO_SetPinPull      0x2000'197d   0x2e  Code  Lc  stm32f4xx_ll_gpio.o [1]
LL_GPIO_SetPinSpeed     0x2000'194f   0x2e  Code  Lc  stm32f4xx_ll_gpio.o [1]
LL_GPIO_StructInit      0x2000'1b87   0x1c  Code  Gb  stm32f4xx_ll_gpio.o [1]
LL_Init1msTick          0x2000'1797   0x10  Code  Gb  stm32f4xx_ll_utils.o [1]
LL_InitTick             0x2000'16fd   0x18  Code  Lc  stm32f4xx_ll_utils.o [1]
LL_PLL_ConfigSystemClock_HSE
                        0x2000'1835   0x68  Code  Gb  stm32f4xx_ll_utils.o [1]
LL_PLL_ConfigSystemClock_HSI
                        0x2000'17cd   0x4c  Code  Gb  stm32f4xx_ll_utils.o [1]
LL_PWR_SetRegulVoltageScaling
                        0x2000'0d59    0xe  Code  Lc  main.o [1]
LL_RCC_DeInit           0x2000'20d3   0x8e  Code  Gb  stm32f4xx_ll_rcc.o [1]
LL_RCC_GetCK48MClockSource
                        0x2000'1fd9    0xa  Code  Lc  stm32f4xx_ll_rcc.o [1]
LL_RCC_GetDFSDMAudioClockFreq
                        0x2000'239b   0x32  Code  Gb  stm32f4xx_ll_rcc.o [1]
LL_RCC_GetDFSDMAudioClockSource
                        0x2000'2005    0xe  Code  Lc  stm32f4xx_ll_rcc.o [1]
LL_RCC_GetDFSDMClockFreq
                        0x2000'2369   0x32  Code  Gb  stm32f4xx_ll_rcc.o [1]
LL_RCC_GetDFSDMClockSource
                        0x2000'2013    0xa  Code  Lc  stm32f4xx_ll_rcc.o [1]
LL_RCC_GetFMPI2CClockFreq
                        0x2000'2185   0x4a  Code  Gb  stm32f4xx_ll_rcc.o [1]
LL_RCC_GetFMPI2CClockSource
                        0x2000'1fc5    0xa  Code  Lc  stm32f4xx_ll_rcc.o [1]
LL_RCC_GetI2SClockFreq  0x2000'21cf   0xe6  Code  Gb  stm32f4xx_ll_rcc.o [1]
LL_RCC_GetI2SClockSource
                        0x2000'1ff7    0xe  Code  Lc  stm32f4xx_ll_rcc.o [1]
LL_RCC_GetRNGClockFreq  0x2000'2301   0x34  Code  Gb  stm32f4xx_ll_rcc.o [1]
LL_RCC_GetRNGClockSource
                        0x2000'1fe3    0xa  Code  Lc  stm32f4xx_ll_rcc.o [1]
LL_RCC_GetSDIOClockFreq
                        0x2000'22b5   0x4c  Code  Gb  stm32f4xx_ll_rcc.o [1]
LL_RCC_GetSDIOClockSource
                        0x2000'1fcf    0xa  Code  Lc  stm32f4xx_ll_rcc.o [1]
LL_RCC_GetSysClkSource  0x2000'0cd3    0xa  Code  Lc  main.o [1]
LL_RCC_GetSysClkSource  0x2000'1fb9    0xc  Code  Lc  stm32f4xx_ll_rcc.o [1]
LL_RCC_GetSystemClocksFreq
                        0x2000'2161   0x24  Code  Gb  stm32f4xx_ll_rcc.o [1]
LL_RCC_GetUSBClockFreq  0x2000'2335   0x34  Code  Gb  stm32f4xx_ll_rcc.o [1]
LL_RCC_GetUSBClockSource
                        0x2000'1fed    0xa  Code  Lc  stm32f4xx_ll_rcc.o [1]
LL_RCC_HSE_DisableBypass
                        0x2000'1721    0xc  Code  Lc  stm32f4xx_ll_utils.o [1]
LL_RCC_HSE_Enable       0x2000'172d    0xc  Code  Lc  stm32f4xx_ll_utils.o [1]
LL_RCC_HSE_EnableBypass
                        0x2000'1715    0xc  Code  Lc  stm32f4xx_ll_utils.o [1]
LL_RCC_HSE_IsReady      0x2000'1f7d    0xe  Code  Lc  stm32f4xx_ll_rcc.o [1]
LL_RCC_HSE_IsReady      0x2000'1739    0xc  Code  Lc  stm32f4xx_ll_utils.o [1]
LL_RCC_HSI_Enable       0x2000'0c9d    0xc  Code  Lc  main.o [1]
LL_RCC_HSI_Enable       0x2000'1f8b    0xe  Code  Lc  stm32f4xx_ll_rcc.o [1]
LL_RCC_HSI_Enable       0x2000'1745    0xc  Code  Lc  stm32f4xx_ll_utils.o [1]
LL_RCC_HSI_IsReady      0x2000'0ca9    0xc  Code  Lc  main.o [1]
LL_RCC_HSI_IsReady      0x2000'1f99    0xe  Code  Lc  stm32f4xx_ll_rcc.o [1]
LL_RCC_HSI_IsReady      0x2000'1751    0xc  Code  Lc  stm32f4xx_ll_utils.o [1]
LL_RCC_HSI_SetCalibTrimming
                        0x2000'0cb5   0x10  Code  Lc  main.o [1]
LL_RCC_HSI_SetCalibTrimming
                        0x2000'1fa7   0x12  Code  Lc  stm32f4xx_ll_rcc.o [1]
LL_RCC_PLLI2S_GetDivider
                        0x2000'20a5    0xc  Code  Lc  stm32f4xx_ll_rcc.o [1]
LL_RCC_PLLI2S_GetMainSource
                        0x2000'20b1   0x22  Code  Lc  stm32f4xx_ll_rcc.o [1]
LL_RCC_PLLI2S_GetN      0x2000'2081    0xc  Code  Lc  stm32f4xx_ll_rcc.o [1]
LL_RCC_PLLI2S_GetQ      0x2000'208d    0xc  Code  Lc  stm32f4xx_ll_rcc.o [1]
LL_RCC_PLLI2S_GetR      0x2000'2099    0xc  Code  Lc  stm32f4xx_ll_rcc.o [1]
LL_RCC_PLLI2S_IsReady   0x2000'2073    0xe  Code  Lc  stm32f4xx_ll_rcc.o [1]
LL_RCC_PLLI2S_IsReady   0x2000'178b    0xc  Code  Lc  stm32f4xx_ll_utils.o [1]
LL_RCC_PLL_ConfigDomain_SYS
                        0x2000'1769   0x22  Code  Lc  stm32f4xx_ll_utils.o [1]
LL_RCC_PLL_GetDivider   0x2000'2067    0xc  Code  Lc  stm32f4xx_ll_rcc.o [1]
LL_RCC_PLL_GetMainSource
                        0x2000'202b    0xc  Code  Lc  stm32f4xx_ll_rcc.o [1]
LL_RCC_PLL_GetN         0x2000'2037    0xc  Code  Lc  stm32f4xx_ll_rcc.o [1]
LL_RCC_PLL_GetP         0x2000'2043    0xc  Code  Lc  stm32f4xx_ll_rcc.o [1]
LL_RCC_PLL_GetQ         0x2000'204f    0xc  Code  Lc  stm32f4xx_ll_rcc.o [1]
LL_RCC_PLL_GetR         0x2000'205b    0xc  Code  Lc  stm32f4xx_ll_rcc.o [1]
LL_RCC_PLL_IsReady      0x2000'201d    0xe  Code  Lc  stm32f4xx_ll_rcc.o [1]
LL_RCC_PLL_IsReady      0x2000'175d    0xc  Code  Lc  stm32f4xx_ll_utils.o [1]
LL_RCC_SetAHBPrescaler  0x2000'0cdd    0xe  Code  Lc  main.o [1]
LL_RCC_SetAPB1Prescaler
                        0x2000'0ceb    0xe  Code  Lc  main.o [1]
LL_RCC_SetAPB2Prescaler
                        0x2000'0cf9    0xe  Code  Lc  main.o [1]
LL_RCC_SetSysClkSource  0x2000'0cc5    0xe  Code  Lc  main.o [1]
LL_RCC_SetTIMPrescaler  0x2000'0d07    0xe  Code  Lc  main.o [1]
LL_SetSystemCoreClock   0x2000'17cb    0x2  Code  Gb  stm32f4xx_ll_utils.o [1]
LL_USART_ClockInit      0x2000'273d   0x44  Code  Gb  stm32f4xx_ll_usart.o [1]
LL_USART_ClockStructInit
                        0x2000'2781   0x12  Code  Gb  stm32f4xx_ll_usart.o [1]
LL_USART_DeInit         0x2000'260d   0x68  Code  Gb  stm32f4xx_ll_usart.o [1]
LL_USART_DisableSCLKOutput
                        0x2000'25c3    0xa  Code  Lc  stm32f4xx_ll_usart.o [1]
LL_USART_Init           0x2000'2675   0x8c  Code  Gb  stm32f4xx_ll_usart.o [1]
LL_USART_IsEnabled      0x2000'25b9    0xa  Code  Lc  stm32f4xx_ll_usart.o [1]
LL_USART_SetHWFlowCtrl  0x2000'25d9    0xc  Code  Lc  stm32f4xx_ll_usart.o [1]
LL_USART_SetStopBitsLength
                        0x2000'25cd    0xc  Code  Lc  stm32f4xx_ll_usart.o [1]
LL_USART_StructInit     0x2000'271d   0x20  Code  Gb  stm32f4xx_ll_usart.o [1]
LL_mDelay               0x2000'17a7   0x24  Code  Gb  stm32f4xx_ll_utils.o [1]
MX_GPIO_Init            0x2000'0e79   0x1c  Code  Gb  main.o [1]
MX_QUADSPI_Init         0x2000'0dd1   0x38  Code  Gb  main.o [1]
MX_USART3_UART_Init     0x2000'0e09   0x42  Code  Gb  main.o [1]
MassErase               0x2000'0311   0x1e  Code  Gb  Loader_Src.o [1]
NVIC_DecodePriority     0x2000'1d2f   0x44  Code  Lc  stm32f4xx_hal_cortex.o [1]
NVIC_EncodePriority     0x2000'1cef   0x40  Code  Lc  stm32f4xx_hal_cortex.o [1]
QSPI_Config             0x2000'097f  0x1f8  Code  Lc  stm32f4xx_hal_qspi.o [1]
QSPI_WaitFlagStateUntilTimeout
                        0x2000'095d   0x22  Code  Lc  stm32f4xx_hal_qspi.o [1]
QSPI_WriteEnable        0x2000'0e99   0xa0  Code  Lc  w25q128jv_ll.o [1]
RAM_BLOCK$$Base         0x2000'0004          --   Gb  - Linker created -
RAM_BLOCK$$Limit        0x2000'27de          --   Gb  - Linker created -
RCC_GetHCLKClockFreq    0x2000'23f7    0x6  Code  Gb  stm32f4xx_ll_rcc.o [1]
RCC_GetPCLK1ClockFreq   0x2000'23fd    0x6  Code  Gb  stm32f4xx_ll_rcc.o [1]
RCC_GetPCLK2ClockFreq   0x2000'2403    0x6  Code  Gb  stm32f4xx_ll_rcc.o [1]
RCC_GetSystemClockFreq  0x2000'23cd   0x2a  Code  Gb  stm32f4xx_ll_rcc.o [1]
RCC_PLLI2S_GetFreqDomain_48M
                        0x2000'252b   0x4c  Code  Gb  stm32f4xx_ll_rcc.o [1]
RCC_PLLI2S_GetFreqDomain_I2S
                        0x2000'24df   0x4c  Code  Gb  stm32f4xx_ll_rcc.o [1]
RCC_PLL_GetFreqDomain_48M
                        0x2000'2463   0x44  Code  Gb  stm32f4xx_ll_rcc.o [1]
RCC_PLL_GetFreqDomain_I2S
                        0x2000'24a7   0x38  Code  Gb  stm32f4xx_ll_rcc.o [1]
RCC_PLL_GetFreqDomain_SYS
                        0x2000'2409   0x5a  Code  Gb  stm32f4xx_ll_rcc.o [1]
Read                    0x2000'032f   0x24  Code  Gb  Loader_Src.o [1]
SectorErase             0x2000'02d5   0x3c  Code  Gb  Loader_Src.o [1]
StorageInfo                     0x0   0xc8  Data  Gb  Dev_Inf.o [1]
SysTick_Config          0x2000'1d8d   0x30  Code  Lc  stm32f4xx_hal_cortex.o [1]
SystemClock_Config      0x2000'0d67   0x6a  Code  Gb  main.o [1]
SystemCoreClockUpdate   0x2000'27a5    0x2  Code  Gb  system_stm32f4xx.o [1]
SystemInit              0x2000'27a3    0x2  Code  Gb  system_stm32f4xx.o [1]
UTILS_EnablePLLAndSwitchSystem
                        0x2000'18e7    0xa  Code  Lc  stm32f4xx_ll_utils.o [1]
UTILS_GetPLLOutputFrequency
                        0x2000'189d   0x28  Code  Lc  stm32f4xx_ll_utils.o [1]
UTILS_PLL_IsBusy        0x2000'18c5   0x22  Code  Lc  stm32f4xx_ll_utils.o [1]
Verify                  0x2000'0353   0x2c  Code  Gb  Loader_Src.o [1]
W25Q128JV_AutoPollingMemReady
                        0x2000'0f39   0x7e  Code  Gb  w25q128jv_ll.o [1]
W25Q128JV_EraseBlock    0x2000'11a3   0x78  Code  Gb  w25q128jv_ll.o [1]
W25Q128JV_Init          0x2000'0fb7  0x1ec  Code  Gb  w25q128jv_ll.o [1]
W25Q128JV_MemoryMapped  0x2000'14fb   0x70  Code  Gb  w25q128jv_ll.o [1]
W25Q128JV_Read1Line     0x2000'1353   0x8a  Code  Gb  w25q128jv_ll.o [1]
W25Q128JV_ReadDual      0x2000'1471   0x8a  Code  Gb  w25q128jv_ll.o [1]
W25Q128JV_ReadFast1Line
                        0x2000'13dd   0x94  Code  Gb  w25q128jv_ll.o [1]
W25Q128JV_ReadQuad      0x2000'12c9   0x8a  Code  Gb  w25q128jv_ll.o [1]
W25Q128JV_Write         0x2000'121b   0xae  Code  Gb  w25q128jv_ll.o [1]
Write                   0x2000'006d  0x258  Code  Gb  Loader_Src.o [1]
WriteEnable             0x2000'0069    0x4  Code  Gb  Loader_Src.o [1]
__NVIC_ClearPendingIRQ  0x2000'1c5b   0x1e  Code  Lc  stm32f4xx_hal_cortex.o [1]
__NVIC_DisableIRQ       0x2000'1bf1   0x26  Code  Lc  stm32f4xx_hal_cortex.o [1]
__NVIC_EnableIRQ        0x2000'1bd3   0x1e  Code  Lc  stm32f4xx_hal_cortex.o [1]
__NVIC_GetActive        0x2000'1c79   0x26  Code  Lc  stm32f4xx_hal_cortex.o [1]
__NVIC_GetPendingIRQ    0x2000'1c17   0x26  Code  Lc  stm32f4xx_hal_cortex.o [1]
__NVIC_GetPriority      0x2000'1ccb   0x24  Code  Lc  stm32f4xx_hal_cortex.o [1]
__NVIC_GetPriorityGrouping
                        0x2000'1bc7    0xc  Code  Lc  stm32f4xx_hal_cortex.o [1]
__NVIC_SetPendingIRQ    0x2000'1c3d   0x1e  Code  Lc  stm32f4xx_hal_cortex.o [1]
__NVIC_SetPriority      0x2000'1c9f   0x2c  Code  Lc  stm32f4xx_hal_cortex.o [1]
__NVIC_SetPriorityGrouping
                        0x2000'1ba5   0x22  Code  Lc  stm32f4xx_hal_cortex.o [1]
__NVIC_SystemReset      0x2000'1d73   0x1a  Code  Lc  stm32f4xx_hal_cortex.o [1]
dummy                   0x2003'e000    0x4  Data  Gb  Loader_Src.o [1]
hqspi                   0x2003'e010   0x4c  Data  Gb  main.o [1]
memset                  0x2000'037f   0x18  Code  Gb  Loader_Src.o [1]


[1] = D:\ST\STLDR\W25Q128_STM32F412ZG\EWARM\W25Q128_STM32F412ZG\Obj

  10'146 bytes of readonly  code memory
     256 bytes of readonly  data memory
       0 bytes of readwrite data memory (+ 80 absolute)

Errors: none
Warnings: none
