###############################################################################
#
# IAR ELF Linker V8.42.1.236/W32 for ARM                  26/Jan/2020  18:02:09
# Copyright 2007-2019 IAR Systems AB.
#
#    Output file  =
#        D:\temp\STLDR\W25Q128_STM32F412ZG\W25Q128_STM32F412ZG\Exe\W25Q128_STM32F412ZG.out
#    Map file     =
#        D:\temp\STLDR\W25Q128_STM32F412ZG\W25Q128_STM32F412ZG\List\W25Q128_STM32F412ZG.map
#    Command line =
#        -f C:\Users\jah00\AppData\Local\Temp\EWDDD7.tmp
#        (D:\temp\STLDR\W25Q128_STM32F412ZG\W25Q128_STM32F412ZG\Obj\Dev_Inf.o
#        D:\temp\STLDR\W25Q128_STM32F412ZG\W25Q128_STM32F412ZG\Obj\Loader_Src.o
#        D:\temp\STLDR\W25Q128_STM32F412ZG\W25Q128_STM32F412ZG\Obj\stm32f4xx_hal.o
#        D:\temp\STLDR\W25Q128_STM32F412ZG\W25Q128_STM32F412ZG\Obj\stm32f4xx_hal_cortex.o
#        D:\temp\STLDR\W25Q128_STM32F412ZG\W25Q128_STM32F412ZG\Obj\stm32f4xx_hal_dma.o
#        D:\temp\STLDR\W25Q128_STM32F412ZG\W25Q128_STM32F412ZG\Obj\stm32f4xx_hal_gpio.o
#        D:\temp\STLDR\W25Q128_STM32F412ZG\W25Q128_STM32F412ZG\Obj\stm32f4xx_hal_msp.o
#        D:\temp\STLDR\W25Q128_STM32F412ZG\W25Q128_STM32F412ZG\Obj\stm32f4xx_hal_pwr.o
#        D:\temp\STLDR\W25Q128_STM32F412ZG\W25Q128_STM32F412ZG\Obj\stm32f4xx_hal_qspi.o
#        D:\temp\STLDR\W25Q128_STM32F412ZG\W25Q128_STM32F412ZG\Obj\stm32f4xx_hal_rcc.o
#        D:\temp\STLDR\W25Q128_STM32F412ZG\W25Q128_STM32F412ZG\Obj\system_stm32f4xx.o
#        D:\temp\STLDR\W25Q128_STM32F412ZG\W25Q128_STM32F412ZG\Obj\w25q128jv.o
#        --redirect _Printf=_PrintfSmallNoMb --redirect _Scanf=_ScanfSmallNoMb
#        --no_out_extension -o
#        D:\temp\STLDR\W25Q128_STM32F412ZG\W25Q128_STM32F412ZG\Exe\W25Q128_STM32F412ZG.out
#        --map
#        D:\temp\STLDR\W25Q128_STM32F412ZG\W25Q128_STM32F412ZG\List\W25Q128_STM32F412ZG.map
#        --config D:\temp\STLDR\W25Q128_STM32F412ZG\Target.icf --diag_suppress
#        Lp005,Lp006 --keep Read --keep Write --keep SectorErase --keep
#        MassErase --keep Verify --semihosting --no_library_search --entry Init
#        --no_exceptions --no_vfe --text_out locale)
#
###############################################################################

*******************************************************************************
*** RUNTIME MODEL ATTRIBUTES
***

__SystemLibrary = DLib
__dlib_version  = 6


*******************************************************************************
*** PLACEMENT SUMMARY
***

define block RAM_BLOCK with fixed order { ro code, ro data, rw };
"P1":  place in [from 0x2000'0004 to 0x2004'0000] { block RAM_BLOCK };
define block Info_BLOCK with fixed order { ro data object Dev_Inf.o };
"P2":  place in [from 0x0 to 0x200] { block Info_BLOCK };
do not initialize { section .info, rw };

  Section     Kind         Address    Size  Object
  -------     ----         -------    ----  ------
"P2":                                 0xc8
  Info_BLOCK                   0x0    0xc8  <Block>
    .rodata   const            0x0    0xc8  Dev_Inf.o [1]
                            - 0xc8    0xc8

"P1", part 1 of 2:                  0x1644
  RAM_BLOCK            0x2000'0004  0x1699  <Block>
    .text     ro code  0x2000'0004   0x452  Loader_Src.o [1]
    .text     ro code  0x2000'0458    0x74  stm32f4xx_hal.o [1]
    .text     ro code  0x2000'04cc   0x580  w25q128jv.o [1]
    .text     ro code  0x2000'0a4c   0x25c  stm32f4xx_hal_gpio.o [1]
    .text     ro code  0x2000'0ca8   0x7ae  stm32f4xx_hal_qspi.o [1]
    .text     ro code  0x2000'1458   0x144  stm32f4xx_hal_msp.o [1]
    .text     ro code  0x2000'159c     0x2  stm32f4xx_hal.o [1]
    .text     ro code  0x2000'15a0     0xc  stm32f4xx_hal.o [1]
    .text     ro code  0x2000'15ac    0x9c  stm32f4xx_hal_dma.o [1]
                     - 0x2000'1648  0x1644

"P1", part 2 of 2:                    0x55
    .bss      uninit   0x2000'1648    0x4c  Loader_Src.o [1]
    .bss      uninit   0x2000'1694     0x4  stm32f4xx_hal.o [1]
    .bss      uninit   0x2000'1698     0x4  w25q128jv.o [1]
    .bss      uninit   0x2000'169c     0x1  w25q128jv.o [1]
                     - 0x2000'169d    0x55

Unused ranges:

         From           To      Size
         ----           --      ----
         0xc8        0x200     0x139
  0x2000'169d  0x2004'0000  0x3'e964



*******************************************************************************
*** MODULE SUMMARY
***

    Module                ro code  ro data  rw data
    ------                -------  -------  -------
command line/config:
    -----------------------------------------------
    Total:

D:\temp\STLDR\W25Q128_STM32F412ZG\W25Q128_STM32F412ZG\Obj: [1]
    Dev_Inf.o                          200
    Loader_Src.o            1'106                76
    stm32f4xx_hal.o           130                 4
    stm32f4xx_hal_dma.o       156
    stm32f4xx_hal_gpio.o      604
    stm32f4xx_hal_msp.o       324
    stm32f4xx_hal_qspi.o    1'966
    w25q128jv.o             1'408                 5
    -----------------------------------------------
    Total:                  5'694      200       85

    Gaps                        6
---------------------------------------------------
    Grand Total:            5'700      200       85


*******************************************************************************
*** ENTRY LIST
***

Entry                       Address   Size  Type      Object
-----                       -------   ----  ----      ------
Error_Handler           0x2000'0455    0x2  Code  Gb  Loader_Src.o [1]
HAL_DMA_Abort           0x2000'15ad   0x9c  Code  Gb  stm32f4xx_hal_dma.o [1]
HAL_DeInit              0x2000'047d   0x36  Code  Gb  stm32f4xx_hal.o [1]
HAL_GPIO_Init           0x2000'0a4d  0x206  Code  Gb  stm32f4xx_hal_gpio.o [1]
HAL_GPIO_TogglePin      0x2000'0c53   0x22  Code  Gb  stm32f4xx_hal_gpio.o [1]
HAL_GetTick             0x2000'15a1    0xc  Code  Wk  stm32f4xx_hal.o [1]
HAL_Init                0x2000'0459   0x24  Code  Gb  stm32f4xx_hal.o [1]
HAL_MspInit             0x2000'1459   0x36  Code  Gb  stm32f4xx_hal_msp.o [1]
HAL_QSPI_Abort          0x2000'1171   0x98  Code  Gb  stm32f4xx_hal_qspi.o [1]
HAL_QSPI_AutoPolling    0x2000'0fef   0xcc  Code  Gb  stm32f4xx_hal_qspi.o [1]
HAL_QSPI_Command        0x2000'0d67   0xac  Code  Gb  stm32f4xx_hal_qspi.o [1]
HAL_QSPI_Init           0x2000'0ca9   0xbe  Code  Gb  stm32f4xx_hal_qspi.o [1]
HAL_QSPI_MemoryMapped   0x2000'10c5   0xac  Code  Gb  stm32f4xx_hal_qspi.o [1]
HAL_QSPI_MspInit        0x2000'148f   0xec  Code  Gb  stm32f4xx_hal_msp.o [1]
HAL_QSPI_Receive        0x2000'0ef9   0xf6  Code  Gb  stm32f4xx_hal_qspi.o [1]
HAL_QSPI_SetTimeout     0x2000'1209    0x4  Code  Gb  stm32f4xx_hal_qspi.o [1]
HAL_QSPI_Transmit       0x2000'0e13   0xe6  Code  Gb  stm32f4xx_hal_qspi.o [1]
Info_BLOCK$$Base                0x0          --   Gb  - Linker created -
Info_BLOCK$$Limit              0xc8          --   Gb  - Linker created -
Init                    0x2000'0005   0x56  Code  Gb  Loader_Src.o [1]
MX_GPIO_Init            0x2000'0097   0x62  Code  Lc  Loader_Src.o [1]
MX_QUADSPI_Init         0x2000'005b   0x3c  Code  Lc  Loader_Src.o [1]
MassErase               0x2000'030b   0x5e  Code  Gb  Loader_Src.o [1]
QSPI_Config             0x2000'125f  0x1f8  Code  Lc  stm32f4xx_hal_qspi.o [1]
QSPI_WaitFlagStateUntilTimeout
                        0x2000'120d   0x52  Code  Lc  stm32f4xx_hal_qspi.o [1]
QSPI_WriteEnable        0x2000'04cd   0xa0  Code  Lc  w25q128jv.o [1]
RAM_BLOCK$$Base         0x2000'0004          --   Gb  - Linker created -
RAM_BLOCK$$Limit        0x2000'169d          --   Gb  - Linker created -
Read                    0x2000'0369   0x5e  Code  Gb  Loader_Src.o [1]
SectorErase             0x2000'028f   0x7c  Code  Gb  Loader_Src.o [1]
State                   0x2000'169c    0x1  Data  Lc  w25q128jv.o [1]
StorageInfo                     0x0   0xc8  Data  Gb  Dev_Inf.o [1]
Verify                  0x2000'03c7   0x66  Code  Gb  Loader_Src.o [1]
W25Q128JV_AutoPollingMemReady
                        0x2000'056d   0x9e  Code  Gb  w25q128jv.o [1]
W25Q128JV_EraseBlock    0x2000'0839   0xa8  Code  Gb  w25q128jv.o [1]
W25Q128JV_Init          0x2000'060b  0x22e  Code  Gb  w25q128jv.o [1]
W25Q128JV_MemoryMapped  0x2000'09c9   0x70  Code  Gb  w25q128jv.o [1]
W25Q128JV_Write         0x2000'08e1   0xe8  Code  Gb  w25q128jv.o [1]
Write                   0x2000'00f9  0x196  Code  Gb  Loader_Src.o [1]
dummy                   0x2000'1698    0x4  Data  Gb  w25q128jv.o [1]
hqspi                   0x2000'1648   0x4c  Data  Gb  Loader_Src.o [1]
memset                  0x2000'043d   0x18  Code  Gb  Loader_Src.o [1]
uwTick                  0x2000'1694    0x4  Data  Gb  stm32f4xx_hal.o [1]


[1] = D:\temp\STLDR\W25Q128_STM32F412ZG\W25Q128_STM32F412ZG\Obj

  5'700 bytes of readonly  code memory
    200 bytes of readonly  data memory
     85 bytes of readwrite data memory

Errors: none
Warnings: none
